Archive member included to satisfy reference by file (symbol)

c:/program files/stm32cubeide_1.8.0/stm32cubeide/plugins/com.st.stm32cube.ide.mcu.externaltools.gnu-tools-for-stm32.9-2020-q2-update.win32_2.0.0.202105311346/tools/bin/../lib/gcc/arm-none-eabi/9.3.1/../../../../arm-none-eabi/lib/thumb/v7-m/nofp\libc_nano.a(lib_a-errno.o)
                              ./Core/Src/syscalls.o (__errno)
c:/program files/stm32cubeide_1.8.0/stm32cubeide/plugins/com.st.stm32cube.ide.mcu.externaltools.gnu-tools-for-stm32.9-2020-q2-update.win32_2.0.0.202105311346/tools/bin/../lib/gcc/arm-none-eabi/9.3.1/../../../../arm-none-eabi/lib/thumb/v7-m/nofp\libc_nano.a(lib_a-exit.o)
                              c:/program files/stm32cubeide_1.8.0/stm32cubeide/plugins/com.st.stm32cube.ide.mcu.externaltools.gnu-tools-for-stm32.9-2020-q2-update.win32_2.0.0.202105311346/tools/bin/../lib/gcc/arm-none-eabi/9.3.1/../../../../arm-none-eabi/lib/thumb/v7-m/nofp/crt0.o (exit)
c:/program files/stm32cubeide_1.8.0/stm32cubeide/plugins/com.st.stm32cube.ide.mcu.externaltools.gnu-tools-for-stm32.9-2020-q2-update.win32_2.0.0.202105311346/tools/bin/../lib/gcc/arm-none-eabi/9.3.1/../../../../arm-none-eabi/lib/thumb/v7-m/nofp\libc_nano.a(lib_a-impure.o)
                              c:/program files/stm32cubeide_1.8.0/stm32cubeide/plugins/com.st.stm32cube.ide.mcu.externaltools.gnu-tools-for-stm32.9-2020-q2-update.win32_2.0.0.202105311346/tools/bin/../lib/gcc/arm-none-eabi/9.3.1/../../../../arm-none-eabi/lib/thumb/v7-m/nofp\libc_nano.a(lib_a-exit.o) (_global_impure_ptr)
c:/program files/stm32cubeide_1.8.0/stm32cubeide/plugins/com.st.stm32cube.ide.mcu.externaltools.gnu-tools-for-stm32.9-2020-q2-update.win32_2.0.0.202105311346/tools/bin/../lib/gcc/arm-none-eabi/9.3.1/../../../../arm-none-eabi/lib/thumb/v7-m/nofp\libc_nano.a(lib_a-init.o)
                              c:/program files/stm32cubeide_1.8.0/stm32cubeide/plugins/com.st.stm32cube.ide.mcu.externaltools.gnu-tools-for-stm32.9-2020-q2-update.win32_2.0.0.202105311346/tools/bin/../lib/gcc/arm-none-eabi/9.3.1/../../../../arm-none-eabi/lib/thumb/v7-m/nofp/crt0.o (__libc_init_array)
c:/program files/stm32cubeide_1.8.0/stm32cubeide/plugins/com.st.stm32cube.ide.mcu.externaltools.gnu-tools-for-stm32.9-2020-q2-update.win32_2.0.0.202105311346/tools/bin/../lib/gcc/arm-none-eabi/9.3.1/../../../../arm-none-eabi/lib/thumb/v7-m/nofp\libc_nano.a(lib_a-memset.o)
                              c:/program files/stm32cubeide_1.8.0/stm32cubeide/plugins/com.st.stm32cube.ide.mcu.externaltools.gnu-tools-for-stm32.9-2020-q2-update.win32_2.0.0.202105311346/tools/bin/../lib/gcc/arm-none-eabi/9.3.1/../../../../arm-none-eabi/lib/thumb/v7-m/nofp/crt0.o (memset)
c:/program files/stm32cubeide_1.8.0/stm32cubeide/plugins/com.st.stm32cube.ide.mcu.externaltools.gnu-tools-for-stm32.9-2020-q2-update.win32_2.0.0.202105311346/tools/bin/../lib/gcc/arm-none-eabi/9.3.1/thumb/v7-m/nofp\libgcc.a(_arm_muldf3.o)
                              ./Core/Src/gz_can.o (__aeabi_dmul)
c:/program files/stm32cubeide_1.8.0/stm32cubeide/plugins/com.st.stm32cube.ide.mcu.externaltools.gnu-tools-for-stm32.9-2020-q2-update.win32_2.0.0.202105311346/tools/bin/../lib/gcc/arm-none-eabi/9.3.1/thumb/v7-m/nofp\libgcc.a(_arm_addsubdf3.o)
                              ./Core/Src/pid.o (__aeabi_dsub)
c:/program files/stm32cubeide_1.8.0/stm32cubeide/plugins/com.st.stm32cube.ide.mcu.externaltools.gnu-tools-for-stm32.9-2020-q2-update.win32_2.0.0.202105311346/tools/bin/../lib/gcc/arm-none-eabi/9.3.1/thumb/v7-m/nofp\libgcc.a(_arm_muldivdf3.o)
                              ./Core/Src/motor.o (__aeabi_ddiv)
c:/program files/stm32cubeide_1.8.0/stm32cubeide/plugins/com.st.stm32cube.ide.mcu.externaltools.gnu-tools-for-stm32.9-2020-q2-update.win32_2.0.0.202105311346/tools/bin/../lib/gcc/arm-none-eabi/9.3.1/thumb/v7-m/nofp\libgcc.a(_arm_cmpdf2.o)
                              ./Core/Src/pid.o (__aeabi_dcmplt)
c:/program files/stm32cubeide_1.8.0/stm32cubeide/plugins/com.st.stm32cube.ide.mcu.externaltools.gnu-tools-for-stm32.9-2020-q2-update.win32_2.0.0.202105311346/tools/bin/../lib/gcc/arm-none-eabi/9.3.1/thumb/v7-m/nofp\libgcc.a(_arm_fixdfsi.o)
                              ./Core/Src/motor.o (__aeabi_d2iz)
c:/program files/stm32cubeide_1.8.0/stm32cubeide/plugins/com.st.stm32cube.ide.mcu.externaltools.gnu-tools-for-stm32.9-2020-q2-update.win32_2.0.0.202105311346/tools/bin/../lib/gcc/arm-none-eabi/9.3.1/thumb/v7-m/nofp\libgcc.a(_arm_truncdfsf2.o)
                              ./Core/Src/gz_can.o (__aeabi_d2f)
c:/program files/stm32cubeide_1.8.0/stm32cubeide/plugins/com.st.stm32cube.ide.mcu.externaltools.gnu-tools-for-stm32.9-2020-q2-update.win32_2.0.0.202105311346/tools/bin/../lib/gcc/arm-none-eabi/9.3.1/thumb/v7-m/nofp\libgcc.a(_arm_addsubsf3.o)
                              ./Core/Src/gz_can.o (__aeabi_fadd)
[...]
Memory Configuration

Name             Origin             Length             Attributes
RAM              0x0000000020000000 0x0000000000002800 xrw
FLASH            0x0000000008000000 0x0000000000008000 xr
*default*        0x0000000000000000 0xffffffffffffffff

Linker script and memory map

LOAD c:/program files/stm32cubeide_1.8.0/stm32cubeide/plugins/com.st.stm32cube.ide.mcu.externaltools.gnu-tools-for-stm32.9-2020-q2-update.win32_2.0.0.202105311346/tools/bin/../lib/gcc/arm-none-eabi/9.3.1/thumb/v7-m/nofp/crti.o
LOAD c:/program files/stm32cubeide_1.8.0/stm32cubeide/plugins/com.st.stm32cube.ide.mcu.externaltools.gnu-tools-for-stm32.9-2020-q2-update.win32_2.0.0.202105311346/tools/bin/../lib/gcc/arm-none-eabi/9.3.1/thumb/v7-m/nofp/crtbegin.o
LOAD c:/program files/stm32cubeide_1.8.0/stm32cubeide/plugins/com.st.stm32cube.ide.mcu.externaltools.gnu-tools-for-stm32.9-2020-q2-update.win32_2.0.0.202105311346/tools/bin/../lib/gcc/arm-none-eabi/9.3.1/../../../../arm-none-eabi/lib/thumb/v7-m/nofp/crt0.o
LOAD ./Core/Src/gz_can.o
LOAD ./Core/Src/main.o
LOAD ./Core/Src/motor.o
LOAD ./Core/Src/pid.o
LOAD ./Core/Src/stm32f1xx_hal_msp.o
LOAD ./Core/Src/stm32f1xx_it.o
LOAD ./Core/Src/syscalls.o
LOAD ./Core/Src/sysmem.o
LOAD ./Core/Src/system_stm32f1xx.o
LOAD ./Core/Startup/startup_stm32f103c6tx.o
LOAD ./Drivers/STM32F1xx_HAL_Driver/Src/stm32f1xx_hal.o
LOAD ./Drivers/STM32F1xx_HAL_Driver/Src/stm32f1xx_hal_can.o
LOAD ./Drivers/STM32F1xx_HAL_Driver/Src/stm32f1xx_hal_cortex.o
LOAD ./Drivers/STM32F1xx_HAL_Driver/Src/stm32f1xx_hal_dma.o
LOAD ./Drivers/STM32F1xx_HAL_Driver/Src/stm32f1xx_hal_exti.o
LOAD ./Drivers/STM32F1xx_HAL_Driver/Src/stm32f1xx_hal_flash.o
LOAD ./Drivers/STM32F1xx_HAL_Driver/Src/stm32f1xx_hal_flash_ex.o
LOAD ./Drivers/STM32F1xx_HAL_Driver/Src/stm32f1xx_hal_gpio.o
LOAD ./Drivers/STM32F1xx_HAL_Driver/Src/stm32f1xx_hal_gpio_ex.o
LOAD ./Drivers/STM32F1xx_HAL_Driver/Src/stm32f1xx_hal_pwr.o
LOAD ./Drivers/STM32F1xx_HAL_Driver/Src/stm32f1xx_hal_rcc.o
LOAD ./Drivers/STM32F1xx_HAL_Driver/Src/stm32f1xx_hal_rcc_ex.o
LOAD ./Drivers/STM32F1xx_HAL_Driver/Src/stm32f1xx_hal_tim.o
LOAD ./Drivers/STM32F1xx_HAL_Driver/Src/stm32f1xx_hal_tim_ex.o
START GROUP
LOAD c:/program files/stm32cubeide_1.8.0/stm32cubeide/plugins/com.st.stm32cube.ide.mcu.externaltools.gnu-tools-for-stm32.9-2020-q2-update.win32_2.0.0.202105311346/tools/bin/../lib/gcc/arm-none-eabi/9.3.1/../../../../arm-none-eabi/lib/thumb/v7-m/nofp\libstdc++_nano.a
LOAD c:/program files/stm32cubeide_1.8.0/stm32cubeide/plugins/com.st.stm32cube.ide.mcu.externaltools.gnu-tools-for-stm32.9-2020-q2-update.win32_2.0.0.202105311346/tools/bin/../lib/gcc/arm-none-eabi/9.3.1/../../../../arm-none-eabi/lib/thumb/v7-m/nofp\libsupc++_nano.a
END GROUP
LOAD c:/program files/stm32cubeide_1.8.0/stm32cubeide/plugins/com.st.stm32cube.ide.mcu.externaltools.gnu-tools-for-stm32.9-2020-q2-update.win32_2.0.0.202105311346/tools/bin/../lib/gcc/arm-none-eabi/9.3.1/../../../../arm-none-eabi/lib/thumb/v7-m/nofp\libstdc++_nano.a
LOAD c:/program files/stm32cubeide_1.8.0/stm32cubeide/plugins/com.st.stm32cube.ide.mcu.externaltools.gnu-tools-for-stm32.9-2020-q2-update.win32_2.0.0.202105311346/tools/bin/../lib/gcc/arm-none-eabi/9.3.1/../../../../arm-none-eabi/lib/thumb/v7-m/nofp\libm.a
LOAD c:/program files/stm32cubeide_1.8.0/stm32cubeide/plugins/com.st.stm32cube.ide.mcu.externaltools.gnu-tools-for-stm32.9-2020-q2-update.win32_2.0.0.202105311346/tools/bin/../lib/gcc/arm-none-eabi/9.3.1/../../../../arm-none-eabi/lib/thumb/v7-m/nofp\libc_nano.a
START GROUP
LOAD c:/program files/stm32cubeide_1.8.0/stm32cubeide/plugins/com.st.stm32cube.ide.mcu.externaltools.gnu-tools-for-stm32.9-2020-q2-update.win32_2.0.0.202105311346/tools/bin/../lib/gcc/arm-none-eabi/9.3.1/thumb/v7-m/nofp\libgcc.a
LOAD c:/program files/stm32cubeide_1.8.0/stm32cubeide/plugins/com.st.stm32cube.ide.mcu.externaltools.gnu-tools-for-stm32.9-2020-q2-update.win32_2.0.0.202105311346/tools/bin/../lib/gcc/arm-none-eabi/9.3.1/../../../../arm-none-eabi/lib/thumb/v7-m/nofp\libc_nano.a
END GROUP
START GROUP
LOAD c:/program files/stm32cubeide_1.8.0/stm32cubeide/plugins/com.st.stm32cube.ide.mcu.externaltools.gnu-tools-for-stm32.9-2020-q2-update.win32_2.0.0.202105311346/tools/bin/../lib/gcc/arm-none-eabi/9.3.1/thumb/v7-m/nofp\libgcc.a
LOAD c:/program files/stm32cubeide_1.8.0/stm32cubeide/plugins/com.st.stm32cube.ide.mcu.externaltools.gnu-tools-for-stm32.9-2020-q2-update.win32_2.0.0.202105311346/tools/bin/../lib/gcc/arm-none-eabi/9.3.1/../../../../arm-none-eabi/lib/thumb/v7-m/nofp\libc_nano.a
LOAD c:/program files/stm32cubeide_1.8.0/stm32cubeide/plugins/com.st.stm32cube.ide.mcu.externaltools.gnu-tools-for-stm32.9-2020-q2-update.win32_2.0.0.202105311346/tools/bin/../lib/gcc/arm-none-eabi/9.3.1/../../../../arm-none-eabi/lib/thumb/v7-m/nofp\libnosys.a
END GROUP
START GROUP
LOAD c:/program files/stm32cubeide_1.8.0/stm32cubeide/plugins/com.st.stm32cube.ide.mcu.externaltools.gnu-tools-for-stm32.9-2020-q2-update.win32_2.0.0.202105311346/tools/bin/../lib/gcc/arm-none-eabi/9.3.1/thumb/v7-m/nofp\libgcc.a
LOAD c:/program files/stm32cubeide_1.8.0/stm32cubeide/plugins/com.st.stm32cube.ide.mcu.externaltools.gnu-tools-for-stm32.9-2020-q2-update.win32_2.0.0.202105311346/tools/bin/../lib/gcc/arm-none-eabi/9.3.1/../../../../arm-none-eabi/lib/thumb/v7-m/nofp\libc_nano.a
LOAD c:/program files/stm32cubeide_1.8.0/stm32cubeide/plugins/com.st.stm32cube.ide.mcu.externaltools.gnu-tools-for-stm32.9-2020-q2-update.win32_2.0.0.202105311346/tools/bin/../lib/gcc/arm-none-eabi/9.3.1/../../../../arm-none-eabi/lib/thumb/v7-m/nofp\libnosys.a
END GROUP
LOAD c:/program files/stm32cubeide_1.8.0/stm32cubeide/plugins/com.st.stm32cube.ide.mcu.externaltools.gnu-tools-for-stm32.9-2020-q2-update.win32_2.0.0.202105311346/tools/bin/../lib/gcc/arm-none-eabi/9.3.1/thumb/v7-m/nofp/crtend.o
LOAD c:/program files/stm32cubeide_1.8.0/stm32cubeide/plugins/com.st.stm32cube.ide.mcu.externaltools.gnu-tools-for-stm32.9-2020-q2-update.win32_2.0.0.202105311346/tools/bin/../lib/gcc/arm-none-eabi/9.3.1/thumb/v7-m/nofp/crtn.o
                0x0000000020002800                _estack = (ORIGIN (RAM) + LENGTH (RAM))
                0x0000000000000200                _Min_Heap_Size = 0x200
                0x0000000000000400                _Min_Stack_Size = 0x400

.isr_vector     0x0000000008000000      0x10c
                0x0000000008000000                . = ALIGN (0x4)
 *(.isr_vector)
 .isr_vector    0x0000000008000000      0x10c ./Core/Startup/startup_stm32f103c6tx.o
                0x0000000008000000                g_pfnVectors
                0x000000000800010c                . = ALIGN (0x4)

.text           0x0000000008000110     0x50c0
                0x0000000008000110                . = ALIGN (0x4)
 *(.text)
 .text          0x0000000008000110       0x40 c:/program files/stm32cubeide_1.8.0/stm32cubeide/plugins/com.st.stm32cube.ide.mcu.externaltools.gnu-tools-for-stm32.9-2020-q2-update.win32_2.0.0.202105311346/tools/bin/../lib/gcc/arm-none-eabi/9.3.1/thumb/v7-m/nofp/crtbegin.o
 .text          0x0000000008000150      0x378 c:/program files/stm32cubeide_1.8.0/stm32cubeide/plugins/com.st.stm32cube.ide.mcu.externaltools.gnu-tools-for-stm32.9-2020-q2-update.win32_2.0.0.202105311346/tools/bin/../lib/gcc/arm-none-eabi/9.3.1/thumb/v7-m/nofp\libgcc.a(_arm_addsubdf3.o)
                0x0000000008000150                __aeabi_drsub
                0x0000000008000158                __aeabi_dsub
                0x0000000008000158                __subdf3
                0x000000000800015c                __aeabi_dadd
                0x000000000800015c                __adddf3
                0x00000000080003d4                __floatunsidf
                0x00000000080003d4                __aeabi_ui2d
                0x00000000080003f4                __floatsidf
                0x00000000080003f4                __aeabi_i2d
                0x0000000008000418                __aeabi_f2d
                0x0000000008000418                __extendsfdf2
                0x000000000800045c                __floatundidf
                0x000000000800045c                __aeabi_ul2d
                0x000000000800046c                __floatdidf
                0x000000000800046c                __aeabi_l2d
 .text          0x00000000080004c8      0x424 c:/program files/stm32cubeide_1.8.0/stm32cubeide/plugins/com.st.stm32cube.ide.mcu.externaltools.gnu-tools-for-stm32.9-2020-q2-update.win32_2.0.0.202105311346/tools/bin/../lib/gcc/arm-none-eabi/9.3.1/thumb/v7-m/nofp\libgcc.a(_arm_muldivdf3.o)
                0x00000000080004c8                __aeabi_dmul
                0x00000000080004c8                __muldf3
                0x000000000800071c                __divdf3
                0x000000000800071c                __aeabi_ddiv
 .text          0x00000000080008ec      0x110 c:/program files/stm32cubeide_1.8.0/stm32cubeide/plugins/com.st.stm32cube.ide.mcu.externaltools.gnu-tools-for-stm32.9-2020-q2-update.win32_2.0.0.202105311346/tools/bin/../lib/gcc/arm-none-eabi/9.3.1/thumb/v7-m/nofp\libgcc.a(_arm_cmpdf2.o)
                0x00000000080008ec                __gtdf2
                0x00000000080008ec                __gedf2
                0x00000000080008f4                __ltdf2
                0x00000000080008f4                __ledf2
                0x00000000080008fc                __nedf2
                0x00000000080008fc                __eqdf2
                0x00000000080008fc                __cmpdf2
                0x0000000008000978                __aeabi_cdrcmple
                0x0000000008000988                __aeabi_cdcmpeq
                0x0000000008000988                __aeabi_cdcmple
                0x0000000008000998                __aeabi_dcmpeq
                0x00000000080009ac                __aeabi_dcmplt
                0x00000000080009c0                __aeabi_dcmple
                0x00000000080009d4                __aeabi_dcmpge
                0x00000000080009e8                __aeabi_dcmpgt
 .text          0x00000000080009fc       0x50 c:/program files/stm32cubeide_1.8.0/stm32cubeide/plugins/com.st.stm32cube.ide.mcu.externaltools.gnu-tools-for-stm32.9-2020-q2-update.win32_2.0.0.202105311346/tools/bin/../lib/gcc/arm-none-eabi/9.3.1/thumb/v7-m/nofp\libgcc.a(_arm_fixdfsi.o)
                0x00000000080009fc                __aeabi_d2iz
                0x00000000080009fc                __fixdfsi
 .text          0x0000000008000a4c       0xa0 c:/program files/stm32cubeide_1.8.0/stm32cubeide/plugins/com.st.stm32cube.ide.mcu.externaltools.gnu-tools-for-stm32.9-2020-q2-update.win32_2.0.0.202105311346/tools/bin/../lib/gcc/arm-none-eabi/9.3.1/thumb/v7-m/nofp\libgcc.a(_arm_truncdfsf2.o)
                0x0000000008000a4c                __truncdfsf2
                0x0000000008000a4c                __aeabi_d2f
 .text          0x0000000008000aec      0x21c c:/program files/stm32cubeide_1.8.0/stm32cubeide/plugins/com.st.stm32cube.ide.mcu.externaltools.gnu-tools-for-stm32.9-2020-q2-update.win32_2.0.0.202105311346/tools/bin/../lib/gcc/arm-none-eabi/9.3.1/thumb/v7-m/nofp\libgcc.a(_arm_addsubsf3.o)
                0x0000000008000aec                __aeabi_frsub
                0x0000000008000af4                __subsf3
                0x0000000008000af4                __aeabi_fsub
                0x0000000008000af8                __aeabi_fadd
                0x0000000008000af8                __addsf3
                0x0000000008000c58                __aeabi_ui2f
                0x0000000008000c58                __floatunsisf
                0x0000000008000c60                __aeabi_i2f
                0x0000000008000c60                __floatsisf
                0x0000000008000c7c                __aeabi_ul2f
                0x0000000008000c7c                __floatundisf
                0x0000000008000c8c                __aeabi_l2f
                0x0000000008000c8c                __floatdisf
 .text          0x0000000008000d08      0x2a0 c:/program files/stm32cubeide_1.8.0/stm32cubeide/plugins/com.st.stm32cube.ide.mcu.externaltools.gnu-tools-for-stm32.9-2020-q2-update.win32_2.0.0.202105311346/tools/bin/../lib/gcc/arm-none-eabi/9.3.1/thumb/v7-m/nofp\libgcc.a(_arm_muldivsf3.o)
                0x0000000008000d08                __mulsf3
                0x0000000008000d08                __aeabi_fmul
                0x0000000008000e70                __aeabi_fdiv
                0x0000000008000e70                __divsf3
 *(.text*)
 .text.GZ_CAN_Init
                0x0000000008000fa8       0xa8 ./Core/Src/gz_can.o
                0x0000000008000fa8                GZ_CAN_Init
 .text.HAL_CAN_RxFifo0MsgPendingCallback
                0x0000000008001050       0x4c ./Core/Src/gz_can.o
                0x0000000008001050                HAL_CAN_RxFifo0MsgPendingCallback
 .text.HAL_CAN_ErrorCallback
                0x000000000800109c       0x12 ./Core/Src/gz_can.o
                0x000000000800109c                HAL_CAN_ErrorCallback
 *fill*         0x00000000080010ae        0x2 
 .text.test     0x00000000080010b0      0x110 ./Core/Src/gz_can.o
                0x00000000080010b0                test
 .text.GZ_CAN_Receive
                0x00000000080011c0       0x7c ./Core/Src/gz_can.o
                0x00000000080011c0                GZ_CAN_Receive
 .text.main     0x000000000800123c       0x58 ./Core/Src/main.o
                0x000000000800123c                main
 .text.SystemClock_Config
                0x0000000008001294       0x8a ./Core/Src/main.o
                0x0000000008001294                SystemClock_Config
 *fill*         0x000000000800131e        0x2 
 .text.MX_CAN_Init
                0x0000000008001320       0x6c ./Core/Src/main.o
 .text.MX_TIM1_Init
                0x000000000800138c      0x188 ./Core/Src/main.o
 .text.MX_TIM2_Init
                0x0000000008001514       0xa8 ./Core/Src/main.o
 .text.MX_TIM3_Init
                0x00000000080015bc       0xa8 ./Core/Src/main.o
 .text.MX_GPIO_Init
                0x0000000008001664       0xd8 ./Core/Src/main.o
 .text.Error_Handler
                0x000000000800173c        0xa ./Core/Src/main.o
                0x000000000800173c                Error_Handler
 *fill*         0x0000000008001746        0x2 
 .text._Z16motor_pins_setupv
                0x0000000008001748       0x2c ./Core/Src/motor.o
                0x0000000008001748                motor_pins_setup()
 .text._Z13encoder_setupv
                0x0000000008001774       0x40 ./Core/Src/motor.o
                0x0000000008001774                encoder_setup()
 *fill*         0x00000000080017b4        0x4 
 .text._Z9pid_setupv
                0x00000000080017b8       0x6c ./Core/Src/motor.o
                0x00000000080017b8                pid_setup()
 .text.motor_Init
                0x0000000008001824       0x14 ./Core/Src/motor.o
                0x0000000008001824                motor_Init
 .text.motor1_set_speed
                0x0000000008001838       0x70 ./Core/Src/motor.o
                0x0000000008001838                motor1_set_speed
 .text.HAL_TIM_PeriodElapsedCallback
                0x00000000080018a8       0xb4 ./Core/Src/motor.o
                0x00000000080018a8                HAL_TIM_PeriodElapsedCallback
 *fill*         0x000000000800195c        0x4 
 .text.encoder_loop
                0x0000000008001960      0x250 ./Core/Src/motor.o
                0x0000000008001960                encoder_loop
 .text._Z41__static_initialization_and_destruction_0ii
                0x0000000008001bb0       0xac ./Core/Src/motor.o
 .text._GLOBAL__sub_I_PID1
                0x0000000008001c5c       0x10 ./Core/Src/motor.o
 *fill*         0x0000000008001c6c        0x4 
 .text._ZN3PIDC2EPdS0_S0_ddd14PIDPON_TypeDef13PIDCD_TypeDef
                0x0000000008001c70       0x98 ./Core/Src/pid.o
                0x0000000008001c70                PID::PID(double*, double*, double*, double, double, double, PIDPON_TypeDef, PIDCD_TypeDef)
                0x0000000008001c70                PID::PID(double*, double*, double*, double, double, double, PIDPON_TypeDef, PIDCD_TypeDef)
 .text._ZN3PIDC2EPdS0_S0_ddd13PIDCD_TypeDef
                0x0000000008001d08       0x46 ./Core/Src/pid.o
                0x0000000008001d08                PID::PID(double*, double*, double*, double, double, double, PIDCD_TypeDef)
                0x0000000008001d08                PID::PID(double*, double*, double*, double, double, double, PIDCD_TypeDef)
 .text._ZN3PID4InitEv
                0x0000000008001d4e       0x74 ./Core/Src/pid.o
                0x0000000008001d4e                PID::Init()
 .text._ZN3PID7ComputeEv
                0x0000000008001dc2      0x1d4 ./Core/Src/pid.o
                0x0000000008001dc2                PID::Compute()
 .text._ZN3PID7SetModeE15PIDMode_TypeDef
                0x0000000008001f96       0x3c ./Core/Src/pid.o
                0x0000000008001f96                PID::SetMode(PIDMode_TypeDef)
 .text._ZN3PID15SetOutputLimitsEdd
                0x0000000008001fd2       0xd8 ./Core/Src/pid.o
                0x0000000008001fd2                PID::SetOutputLimits(double, double)
 *fill*         0x00000000080020aa        0x2 
 .text._ZN3PID10SetTuningsEddd14PIDPON_TypeDef
                0x00000000080020ac      0x148 ./Core/Src/pid.o
                0x00000000080020ac                PID::SetTunings(double, double, double, PIDPON_TypeDef)
 .text._ZN3PID22SetControllerDirectionE13PIDCD_TypeDef
                0x00000000080021f4       0x80 ./Core/Src/pid.o
                0x00000000080021f4                PID::SetControllerDirection(PIDCD_TypeDef)
 .text._ZN3PID13SetSampleTimeEl
                0x0000000008002274       0x76 ./Core/Src/pid.o
                0x0000000008002274                PID::SetSampleTime(long)
 *fill*         0x00000000080022ea        0x2 
 .text.HAL_MspInit
                0x00000000080022ec       0x64 ./Core/Src/stm32f1xx_hal_msp.o
                0x00000000080022ec                HAL_MspInit
 .text.HAL_CAN_MspInit
                0x0000000008002350       0xe0 ./Core/Src/stm32f1xx_hal_msp.o
                0x0000000008002350                HAL_CAN_MspInit
 .text.HAL_TIM_Base_MspInit
                0x0000000008002430       0x3c ./Core/Src/stm32f1xx_hal_msp.o
                0x0000000008002430                HAL_TIM_Base_MspInit
 .text.HAL_TIM_Encoder_MspInit
                0x000000000800246c      0x150 ./Core/Src/stm32f1xx_hal_msp.o
                0x000000000800246c                HAL_TIM_Encoder_MspInit
 .text.HAL_TIM_MspPostInit
                0x00000000080025bc       0x68 ./Core/Src/stm32f1xx_hal_msp.o
                0x00000000080025bc                HAL_TIM_MspPostInit
 .text.NMI_Handler
                0x0000000008002624        0x6 ./Core/Src/stm32f1xx_it.o
                0x0000000008002624                NMI_Handler
 .text.HardFault_Handler
                0x000000000800262a        0x6 ./Core/Src/stm32f1xx_it.o
                0x000000000800262a                HardFault_Handler
 .text.MemManage_Handler
                0x0000000008002630        0x6 ./Core/Src/stm32f1xx_it.o
                0x0000000008002630                MemManage_Handler
 .text.BusFault_Handler
                0x0000000008002636        0x6 ./Core/Src/stm32f1xx_it.o
                0x0000000008002636                BusFault_Handler
 .text.UsageFault_Handler
                0x000000000800263c        0x6 ./Core/Src/stm32f1xx_it.o
                0x000000000800263c                UsageFault_Handler
 .text.SVC_Handler
                0x0000000008002642        0xc ./Core/Src/stm32f1xx_it.o
                0x0000000008002642                SVC_Handler
 .text.DebugMon_Handler
                0x000000000800264e        0xc ./Core/Src/stm32f1xx_it.o
                0x000000000800264e                DebugMon_Handler
 .text.PendSV_Handler
                0x000000000800265a        0xc ./Core/Src/stm32f1xx_it.o
                0x000000000800265a                PendSV_Handler
 .text.SysTick_Handler
                0x0000000008002666        0xc ./Core/Src/stm32f1xx_it.o
                0x0000000008002666                SysTick_Handler
 *fill*         0x0000000008002672        0x2 
 .text.USB_LP_CAN1_RX0_IRQHandler
                0x0000000008002674       0x14 ./Core/Src/stm32f1xx_it.o
                0x0000000008002674                USB_LP_CAN1_RX0_IRQHandler
 .text.CAN1_SCE_IRQHandler
                0x0000000008002688       0x14 ./Core/Src/stm32f1xx_it.o
                0x0000000008002688                CAN1_SCE_IRQHandler
 .text.TIM2_IRQHandler
                0x000000000800269c       0x14 ./Core/Src/stm32f1xx_it.o
                0x000000000800269c                TIM2_IRQHandler
 .text.TIM3_IRQHandler
                0x00000000080026b0       0x14 ./Core/Src/stm32f1xx_it.o
                0x00000000080026b0                TIM3_IRQHandler
 .text.SystemInit
                0x00000000080026c4        0xc ./Core/Src/system_stm32f1xx.o
                0x00000000080026c4                SystemInit
 .text.Reset_Handler
                0x00000000080026d0       0x48 ./Core/Startup/startup_stm32f103c6tx.o
                0x00000000080026d0                Reset_Handler
 .text.Default_Handler
                0x0000000008002718        0x2 ./Core/Startup/startup_stm32f103c6tx.o
                0x0000000008002718                RTC_Alarm_IRQHandler
                0x0000000008002718                EXTI2_IRQHandler
                0x0000000008002718                TIM1_CC_IRQHandler
                0x0000000008002718                PVD_IRQHandler
                0x0000000008002718                EXTI3_IRQHandler
                0x0000000008002718                EXTI0_IRQHandler
                0x0000000008002718                ADC1_2_IRQHandler
                0x0000000008002718                SPI1_IRQHandler
                0x0000000008002718                TAMPER_IRQHandler
                0x0000000008002718                DMA1_Channel4_IRQHandler
                0x0000000008002718                RTC_IRQHandler
                0x0000000008002718                DMA1_Channel7_IRQHandler
                0x0000000008002718                CAN1_RX1_IRQHandler
                0x0000000008002718                I2C1_EV_IRQHandler
                0x0000000008002718                DMA1_Channel6_IRQHandler
                0x0000000008002718                RCC_IRQHandler
                0x0000000008002718                TIM1_TRG_COM_IRQHandler
                0x0000000008002718                DMA1_Channel1_IRQHandler
                0x0000000008002718                Default_Handler
                0x0000000008002718                EXTI15_10_IRQHandler
                0x0000000008002718                EXTI9_5_IRQHandler
                0x0000000008002718                DMA1_Channel5_IRQHandler
                0x0000000008002718                EXTI4_IRQHandler
                0x0000000008002718                USB_HP_CAN1_TX_IRQHandler
                0x0000000008002718                DMA1_Channel3_IRQHandler
                0x0000000008002718                TIM1_UP_IRQHandler
                0x0000000008002718                WWDG_IRQHandler
                0x0000000008002718                TIM1_BRK_IRQHandler
                0x0000000008002718                EXTI1_IRQHandler
                0x0000000008002718                USART2_IRQHandler
                0x0000000008002718                DMA1_Channel2_IRQHandler
                0x0000000008002718                FLASH_IRQHandler
                0x0000000008002718                USART1_IRQHandler
                0x0000000008002718                I2C1_ER_IRQHandler
                0x0000000008002718                USBWakeUp_IRQHandler
 *fill*         0x000000000800271a        0x2 
 .text.HAL_Init
                0x000000000800271c       0x2c ./Drivers/STM32F1xx_HAL_Driver/Src/stm32f1xx_hal.o
                0x000000000800271c                HAL_Init
 .text.HAL_InitTick
                0x0000000008002748       0x60 ./Drivers/STM32F1xx_HAL_Driver/Src/stm32f1xx_hal.o
                0x0000000008002748                HAL_InitTick
 .text.HAL_IncTick
                0x00000000080027a8       0x24 ./Drivers/STM32F1xx_HAL_Driver/Src/stm32f1xx_hal.o
                0x00000000080027a8                HAL_IncTick
 .text.HAL_GetTick
                0x00000000080027cc       0x14 ./Drivers/STM32F1xx_HAL_Driver/Src/stm32f1xx_hal.o
                0x00000000080027cc                HAL_GetTick
 .text.HAL_CAN_Init
                0x00000000080027e0      0x1f6 ./Drivers/STM32F1xx_HAL_Driver/Src/stm32f1xx_hal_can.o
                0x00000000080027e0                HAL_CAN_Init
 .text.HAL_CAN_ConfigFilter
                0x00000000080029d6      0x192 ./Drivers/STM32F1xx_HAL_Driver/Src/stm32f1xx_hal_can.o
                0x00000000080029d6                HAL_CAN_ConfigFilter
 .text.HAL_CAN_Start
                0x0000000008002b68       0x88 ./Drivers/STM32F1xx_HAL_Driver/Src/stm32f1xx_hal_can.o
                0x0000000008002b68                HAL_CAN_Start
 .text.HAL_CAN_GetRxMessage
                0x0000000008002bf0      0x222 ./Drivers/STM32F1xx_HAL_Driver/Src/stm32f1xx_hal_can.o
                0x0000000008002bf0                HAL_CAN_GetRxMessage
 .text.HAL_CAN_ActivateNotification
                0x0000000008002e12       0x4a ./Drivers/STM32F1xx_HAL_Driver/Src/stm32f1xx_hal_can.o
                0x0000000008002e12                HAL_CAN_ActivateNotification
 .text.HAL_CAN_IRQHandler
                0x0000000008002e5c      0x36e ./Drivers/STM32F1xx_HAL_Driver/Src/stm32f1xx_hal_can.o
                0x0000000008002e5c                HAL_CAN_IRQHandler
 .text.HAL_CAN_TxMailbox0CompleteCallback
                0x00000000080031ca       0x12 ./Drivers/STM32F1xx_HAL_Driver/Src/stm32f1xx_hal_can.o
                0x00000000080031ca                HAL_CAN_TxMailbox0CompleteCallback
 .text.HAL_CAN_TxMailbox1CompleteCallback
                0x00000000080031dc       0x12 ./Drivers/STM32F1xx_HAL_Driver/Src/stm32f1xx_hal_can.o
                0x00000000080031dc                HAL_CAN_TxMailbox1CompleteCallback
 .text.HAL_CAN_TxMailbox2CompleteCallback
                0x00000000080031ee       0x12 ./Drivers/STM32F1xx_HAL_Driver/Src/stm32f1xx_hal_can.o
                0x00000000080031ee                HAL_CAN_TxMailbox2CompleteCallback
 .text.HAL_CAN_TxMailbox0AbortCallback
                0x0000000008003200       0x12 ./Drivers/STM32F1xx_HAL_Driver/Src/stm32f1xx_hal_can.o
                0x0000000008003200                HAL_CAN_TxMailbox0AbortCallback
 .text.HAL_CAN_TxMailbox1AbortCallback
                0x0000000008003212       0x12 ./Drivers/STM32F1xx_HAL_Driver/Src/stm32f1xx_hal_can.o
                0x0000000008003212                HAL_CAN_TxMailbox1AbortCallback
 .text.HAL_CAN_TxMailbox2AbortCallback
                0x0000000008003224       0x12 ./Drivers/STM32F1xx_HAL_Driver/Src/stm32f1xx_hal_can.o
                0x0000000008003224                HAL_CAN_TxMailbox2AbortCallback
 .text.HAL_CAN_RxFifo0FullCallback
                0x0000000008003236       0x12 ./Drivers/STM32F1xx_HAL_Driver/Src/stm32f1xx_hal_can.o
                0x0000000008003236                HAL_CAN_RxFifo0FullCallback
 .text.HAL_CAN_RxFifo1MsgPendingCallback
                0x0000000008003248       0x12 ./Drivers/STM32F1xx_HAL_Driver/Src/stm32f1xx_hal_can.o
                0x0000000008003248                HAL_CAN_RxFifo1MsgPendingCallback
 .text.HAL_CAN_RxFifo1FullCallback
                0x000000000800325a       0x12 ./Drivers/STM32F1xx_HAL_Driver/Src/stm32f1xx_hal_can.o
                0x000000000800325a                HAL_CAN_RxFifo1FullCallback
 .text.HAL_CAN_SleepCallback
                0x000000000800326c       0x12 ./Drivers/STM32F1xx_HAL_Driver/Src/stm32f1xx_hal_can.o
                0x000000000800326c                HAL_CAN_SleepCallback
 .text.HAL_CAN_WakeUpFromRxMsgCallback
                0x000000000800327e       0x12 ./Drivers/STM32F1xx_HAL_Driver/Src/stm32f1xx_hal_can.o
                0x000000000800327e                HAL_CAN_WakeUpFromRxMsgCallback
 .text.__NVIC_SetPriorityGrouping
                0x0000000008003290       0x48 ./Drivers/STM32F1xx_HAL_Driver/Src/stm32f1xx_hal_cortex.o
 .text.__NVIC_GetPriorityGrouping
                0x00000000080032d8       0x1c ./Drivers/STM32F1xx_HAL_Driver/Src/stm32f1xx_hal_cortex.o
 .text.__NVIC_EnableIRQ
                0x00000000080032f4       0x38 ./Drivers/STM32F1xx_HAL_Driver/Src/stm32f1xx_hal_cortex.o
 .text.__NVIC_SetPriority
                0x000000000800332c       0x54 ./Drivers/STM32F1xx_HAL_Driver/Src/stm32f1xx_hal_cortex.o
 .text.NVIC_EncodePriority
                0x0000000008003380       0x64 ./Drivers/STM32F1xx_HAL_Driver/Src/stm32f1xx_hal_cortex.o
 .text.SysTick_Config
                0x00000000080033e4       0x44 ./Drivers/STM32F1xx_HAL_Driver/Src/stm32f1xx_hal_cortex.o
 .text.HAL_NVIC_SetPriorityGrouping
                0x0000000008003428       0x16 ./Drivers/STM32F1xx_HAL_Driver/Src/stm32f1xx_hal_cortex.o
                0x0000000008003428                HAL_NVIC_SetPriorityGrouping
 .text.HAL_NVIC_SetPriority
                0x000000000800343e       0x38 ./Drivers/STM32F1xx_HAL_Driver/Src/stm32f1xx_hal_cortex.o
                0x000000000800343e                HAL_NVIC_SetPriority
 .text.HAL_NVIC_EnableIRQ
                0x0000000008003476       0x1c ./Drivers/STM32F1xx_HAL_Driver/Src/stm32f1xx_hal_cortex.o
                0x0000000008003476                HAL_NVIC_EnableIRQ
 .text.HAL_SYSTICK_Config
                0x0000000008003492       0x18 ./Drivers/STM32F1xx_HAL_Driver/Src/stm32f1xx_hal_cortex.o
                0x0000000008003492                HAL_SYSTICK_Config
 *fill*         0x00000000080034aa        0x2 
 .text.HAL_GPIO_Init
                0x00000000080034ac      0x2f4 ./Drivers/STM32F1xx_HAL_Driver/Src/stm32f1xx_hal_gpio.o
                0x00000000080034ac                HAL_GPIO_Init
 .text.HAL_GPIO_WritePin
                0x00000000080037a0       0x30 ./Drivers/STM32F1xx_HAL_Driver/Src/stm32f1xx_hal_gpio.o
                0x00000000080037a0                HAL_GPIO_WritePin
 .text.HAL_PWR_DisableWakeUpPin
                0x00000000080037d0       0x38 ./Drivers/STM32F1xx_HAL_Driver/Src/stm32f1xx_hal_pwr.o
                0x00000000080037d0                HAL_PWR_DisableWakeUpPin
 .text.HAL_RCC_OscConfig
                0x0000000008003808      0x500 ./Drivers/STM32F1xx_HAL_Driver/Src/stm32f1xx_hal_rcc.o
                0x0000000008003808                HAL_RCC_OscConfig
 .text.HAL_RCC_ClockConfig
                0x0000000008003d08      0x1d4 ./Drivers/STM32F1xx_HAL_Driver/Src/stm32f1xx_hal_rcc.o
                0x0000000008003d08                HAL_RCC_ClockConfig
 .text.HAL_RCC_GetSysClockFreq
                0x0000000008003edc       0xc0 ./Drivers/STM32F1xx_HAL_Driver/Src/stm32f1xx_hal_rcc.o
                0x0000000008003edc                HAL_RCC_GetSysClockFreq
 .text.RCC_Delay
                0x0000000008003f9c       0x3c ./Drivers/STM32F1xx_HAL_Driver/Src/stm32f1xx_hal_rcc.o
 .text.HAL_TIM_Base_Init
                0x0000000008003fd8       0x9e ./Drivers/STM32F1xx_HAL_Driver/Src/stm32f1xx_hal_tim.o
                0x0000000008003fd8                HAL_TIM_Base_Init
 *fill*         0x0000000008004076        0x2 
 .text.HAL_TIM_Base_Start_IT
                0x0000000008004078       0x98 ./Drivers/STM32F1xx_HAL_Driver/Src/stm32f1xx_hal_tim.o
                0x0000000008004078                HAL_TIM_Base_Start_IT
 .text.HAL_TIM_PWM_Init
                0x0000000008004110       0x9e ./Drivers/STM32F1xx_HAL_Driver/Src/stm32f1xx_hal_tim.o
                0x0000000008004110                HAL_TIM_PWM_Init
 .text.HAL_TIM_PWM_MspInit
                0x00000000080041ae       0x12 ./Drivers/STM32F1xx_HAL_Driver/Src/stm32f1xx_hal_tim.o
                0x00000000080041ae                HAL_TIM_PWM_MspInit
 .text.HAL_TIM_PWM_Start
                0x00000000080041c0      0x138 ./Drivers/STM32F1xx_HAL_Driver/Src/stm32f1xx_hal_tim.o
                0x00000000080041c0                HAL_TIM_PWM_Start
 .text.HAL_TIM_Encoder_Init
                0x00000000080042f8      0x144 ./Drivers/STM32F1xx_HAL_Driver/Src/stm32f1xx_hal_tim.o
                0x00000000080042f8                HAL_TIM_Encoder_Init
 .text.HAL_TIM_Encoder_Start
                0x000000000800443c      0x11c ./Drivers/STM32F1xx_HAL_Driver/Src/stm32f1xx_hal_tim.o
                0x000000000800443c                HAL_TIM_Encoder_Start
 .text.HAL_TIM_IRQHandler
                0x0000000008004558      0x210 ./Drivers/STM32F1xx_HAL_Driver/Src/stm32f1xx_hal_tim.o
                0x0000000008004558                HAL_TIM_IRQHandler
 .text.HAL_TIM_PWM_ConfigChannel
                0x0000000008004768      0x17c ./Drivers/STM32F1xx_HAL_Driver/Src/stm32f1xx_hal_tim.o
                0x0000000008004768                HAL_TIM_PWM_ConfigChannel
 .text.HAL_TIM_ConfigClockSource
                0x00000000080048e4      0x188 ./Drivers/STM32F1xx_HAL_Driver/Src/stm32f1xx_hal_tim.o
                0x00000000080048e4                HAL_TIM_ConfigClockSource
 .text.HAL_TIM_OC_DelayElapsedCallback
                0x0000000008004a6c       0x12 ./Drivers/STM32F1xx_HAL_Driver/Src/stm32f1xx_hal_tim.o
                0x0000000008004a6c                HAL_TIM_OC_DelayElapsedCallback
 .text.HAL_TIM_IC_CaptureCallback
                0x0000000008004a7e       0x12 ./Drivers/STM32F1xx_HAL_Driver/Src/stm32f1xx_hal_tim.o
                0x0000000008004a7e                HAL_TIM_IC_CaptureCallback
 .text.HAL_TIM_PWM_PulseFinishedCallback
                0x0000000008004a90       0x12 ./Drivers/STM32F1xx_HAL_Driver/Src/stm32f1xx_hal_tim.o
                0x0000000008004a90                HAL_TIM_PWM_PulseFinishedCallback
 .text.HAL_TIM_TriggerCallback
                0x0000000008004aa2       0x12 ./Drivers/STM32F1xx_HAL_Driver/Src/stm32f1xx_hal_tim.o
                0x0000000008004aa2                HAL_TIM_TriggerCallback
 .text.TIM_Base_SetConfig
                0x0000000008004ab4       0xb0 ./Drivers/STM32F1xx_HAL_Driver/Src/stm32f1xx_hal_tim.o
                0x0000000008004ab4                TIM_Base_SetConfig
 .text.TIM_OC1_SetConfig
                0x0000000008004b64       0xcc ./Drivers/STM32F1xx_HAL_Driver/Src/stm32f1xx_hal_tim.o
 .text.TIM_OC2_SetConfig
                0x0000000008004c30       0xd4 ./Drivers/STM32F1xx_HAL_Driver/Src/stm32f1xx_hal_tim.o
                0x0000000008004c30                TIM_OC2_SetConfig
 .text.TIM_OC3_SetConfig
                0x0000000008004d04       0xd4 ./Drivers/STM32F1xx_HAL_Driver/Src/stm32f1xx_hal_tim.o
 .text.TIM_OC4_SetConfig
                0x0000000008004dd8       0x9c ./Drivers/STM32F1xx_HAL_Driver/Src/stm32f1xx_hal_tim.o
 .text.TIM_TI1_ConfigInputStage
                0x0000000008004e74       0x5c ./Drivers/STM32F1xx_HAL_Driver/Src/stm32f1xx_hal_tim.o
 .text.TIM_TI2_ConfigInputStage
                0x0000000008004ed0       0x5e ./Drivers/STM32F1xx_HAL_Driver/Src/stm32f1xx_hal_tim.o
 .text.TIM_ITRx_SetConfig
                0x0000000008004f2e       0x34 ./Drivers/STM32F1xx_HAL_Driver/Src/stm32f1xx_hal_tim.o
 .text.TIM_ETR_SetConfig
                0x0000000008004f62       0x3e ./Drivers/STM32F1xx_HAL_Driver/Src/stm32f1xx_hal_tim.o
                0x0000000008004f62                TIM_ETR_SetConfig
 .text.TIM_CCxChannelCmd
                0x0000000008004fa0       0x48 ./Drivers/STM32F1xx_HAL_Driver/Src/stm32f1xx_hal_tim.o
                0x0000000008004fa0                TIM_CCxChannelCmd
 .text.HAL_TIMEx_MasterConfigSynchronization
                0x0000000008004fe8       0xb0 ./Drivers/STM32F1xx_HAL_Driver/Src/stm32f1xx_hal_tim_ex.o
                0x0000000008004fe8                HAL_TIMEx_MasterConfigSynchronization
 .text.HAL_TIMEx_ConfigBreakDeadTime
                0x0000000008005098       0xa2 ./Drivers/STM32F1xx_HAL_Driver/Src/stm32f1xx_hal_tim_ex.o
                0x0000000008005098                HAL_TIMEx_ConfigBreakDeadTime
 .text.HAL_TIMEx_CommutCallback
                0x000000000800513a       0x12 ./Drivers/STM32F1xx_HAL_Driver/Src/stm32f1xx_hal_tim_ex.o
                0x000000000800513a                HAL_TIMEx_CommutCallback
 .text.HAL_TIMEx_BreakCallback
                0x000000000800514c       0x12 ./Drivers/STM32F1xx_HAL_Driver/Src/stm32f1xx_hal_tim_ex.o
                0x000000000800514c                HAL_TIMEx_BreakCallback
 *fill*         0x000000000800515e        0x2 
 .text.__libc_init_array
                0x0000000008005160       0x48 c:/program files/stm32cubeide_1.8.0/stm32cubeide/plugins/com.st.stm32cube.ide.mcu.externaltools.gnu-tools-for-stm32.9-2020-q2-update.win32_2.0.0.202105311346/tools/bin/../lib/gcc/arm-none-eabi/9.3.1/../../../../arm-none-eabi/lib/thumb/v7-m/nofp\libc_nano.a(lib_a-init.o)
                0x0000000008005160                __libc_init_array
 .text.memset   0x00000000080051a8       0x10 c:/program files/stm32cubeide_1.8.0/stm32cubeide/plugins/com.st.stm32cube.ide.mcu.externaltools.gnu-tools-for-stm32.9-2020-q2-update.win32_2.0.0.202105311346/tools/bin/../lib/gcc/arm-none-eabi/9.3.1/../../../../arm-none-eabi/lib/thumb/v7-m/nofp\libc_nano.a(lib_a-memset.o)
                0x00000000080051a8                memset
 *(.glue_7)
 .glue_7        0x00000000080051b8        0x0 linker stubs
 *(.glue_7t)
 .glue_7t       0x00000000080051b8        0x0 linker stubs
 *(.eh_frame)
 .eh_frame      0x00000000080051b8        0x0 c:/program files/stm32cubeide_1.8.0/stm32cubeide/plugins/com.st.stm32cube.ide.mcu.externaltools.gnu-tools-for-stm32.9-2020-q2-update.win32_2.0.0.202105311346/tools/bin/../lib/gcc/arm-none-eabi/9.3.1/thumb/v7-m/nofp/crtbegin.o
 *(.init)
 .init          0x00000000080051b8        0x4 c:/program files/stm32cubeide_1.8.0/stm32cubeide/plugins/com.st.stm32cube.ide.mcu.externaltools.gnu-tools-for-stm32.9-2020-q2-update.win32_2.0.0.202105311346/tools/bin/../lib/gcc/arm-none-eabi/9.3.1/thumb/v7-m/nofp/crti.o
                0x00000000080051b8                _init
 .init          0x00000000080051bc        0x8 c:/program files/stm32cubeide_1.8.0/stm32cubeide/plugins/com.st.stm32cube.ide.mcu.externaltools.gnu-tools-for-stm32.9-2020-q2-update.win32_2.0.0.202105311346/tools/bin/../lib/gcc/arm-none-eabi/9.3.1/thumb/v7-m/nofp/crtn.o
 *(.fini)
 .fini          0x00000000080051c4        0x4 c:/program files/stm32cubeide_1.8.0/stm32cubeide/plugins/com.st.stm32cube.ide.mcu.externaltools.gnu-tools-for-stm32.9-2020-q2-update.win32_2.0.0.202105311346/tools/bin/../lib/gcc/arm-none-eabi/9.3.1/thumb/v7-m/nofp/crti.o
                0x00000000080051c4                _fini
 .fini          0x00000000080051c8        0x8 c:/program files/stm32cubeide_1.8.0/stm32cubeide/plugins/com.st.stm32cube.ide.mcu.externaltools.gnu-tools-for-stm32.9-2020-q2-update.win32_2.0.0.202105311346/tools/bin/../lib/gcc/arm-none-eabi/9.3.1/thumb/v7-m/nofp/crtn.o
                0x00000000080051d0                . = ALIGN (0x4)
                0x00000000080051d0                _etext = .

.vfp11_veneer   0x00000000080051d0        0x0
 .vfp11_veneer  0x00000000080051d0        0x0 linker stubs

.v4_bx          0x00000000080051d0        0x0
 .v4_bx         0x00000000080051d0        0x0 linker stubs

.iplt           0x00000000080051d0        0x0
 .iplt          0x00000000080051d0        0x0 c:/program files/stm32cubeide_1.8.0/stm32cubeide/plugins/com.st.stm32cube.ide.mcu.externaltools.gnu-tools-for-stm32.9-2020-q2-update.win32_2.0.0.202105311346/tools/bin/../lib/gcc/arm-none-eabi/9.3.1/thumb/v7-m/nofp/crtbegin.o

.rodata         0x00000000080051d0       0x20
                0x00000000080051d0                . = ALIGN (0x4)
 *(.rodata)
 .rodata        0x00000000080051d0       0x10 ./Drivers/STM32F1xx_HAL_Driver/Src/stm32f1xx_hal_rcc.o
 *(.rodata*)
 .rodata.AHBPrescTable
                0x00000000080051e0       0x10 ./Core/Src/system_stm32f1xx.o
                0x00000000080051e0                AHBPrescTable
                0x00000000080051f0                . = ALIGN (0x4)

.rel.dyn        0x00000000080051f0        0x0
 .rel.iplt      0x00000000080051f0        0x0 c:/program files/stm32cubeide_1.8.0/stm32cubeide/plugins/com.st.stm32cube.ide.mcu.externaltools.gnu-tools-for-stm32.9-2020-q2-update.win32_2.0.0.202105311346/tools/bin/../lib/gcc/arm-none-eabi/9.3.1/thumb/v7-m/nofp/crtbegin.o

.ARM.extab      0x00000000080051f0        0x0
                0x00000000080051f0                . = ALIGN (0x4)
 *(.ARM.extab* .gnu.linkonce.armextab.*)
                0x00000000080051f0                . = ALIGN (0x4)

.ARM            0x00000000080051f0        0x0
                0x00000000080051f0                . = ALIGN (0x4)
                0x00000000080051f0                __exidx_start = .
 *(.ARM.exidx*)
                0x00000000080051f0                __exidx_end = .
                0x00000000080051f0                . = ALIGN (0x4)

.preinit_array  0x00000000080051f0        0x0
                0x00000000080051f0                . = ALIGN (0x4)
                0x00000000080051f0                PROVIDE (__preinit_array_start = .)
 *(.preinit_array*)
                0x00000000080051f0                PROVIDE (__preinit_array_end = .)
                0x00000000080051f0                . = ALIGN (0x4)

.init_array     0x00000000080051f0        0x8
                0x00000000080051f0                . = ALIGN (0x4)
                0x00000000080051f0                PROVIDE (__init_array_start = .)
 *(SORT_BY_NAME(.init_array.*))
 *(.init_array*)
 .init_array    0x00000000080051f0        0x4 c:/program files/stm32cubeide_1.8.0/stm32cubeide/plugins/com.st.stm32cube.ide.mcu.externaltools.gnu-tools-for-stm32.9-2020-q2-update.win32_2.0.0.202105311346/tools/bin/../lib/gcc/arm-none-eabi/9.3.1/thumb/v7-m/nofp/crtbegin.o
 .init_array    0x00000000080051f4        0x4 ./Core/Src/motor.o
                0x00000000080051f8                PROVIDE (__init_array_end = .)
                0x00000000080051f8                . = ALIGN (0x4)

.fini_array     0x00000000080051f8        0x4
                0x00000000080051f8                . = ALIGN (0x4)
                [!provide]                        PROVIDE (__fini_array_start = .)
 *(SORT_BY_NAME(.fini_array.*))
 *(.fini_array*)
 .fini_array    0x00000000080051f8        0x4 c:/program files/stm32cubeide_1.8.0/stm32cubeide/plugins/com.st.stm32cube.ide.mcu.externaltools.gnu-tools-for-stm32.9-2020-q2-update.win32_2.0.0.202105311346/tools/bin/../lib/gcc/arm-none-eabi/9.3.1/thumb/v7-m/nofp/crtbegin.o
                [!provide]                        PROVIDE (__fini_array_end = .)
                0x00000000080051fc                . = ALIGN (0x4)
                0x00000000080051fc                _sidata = LOADADDR (.data)

.data           0x0000000020000000       0x10 load address 0x00000000080051fc
                0x0000000020000000                . = ALIGN (0x4)
                0x0000000020000000                _sdata = .
 *(.data)
 *(.data*)
 .data.data     0x0000000020000000        0x2 ./Core/Src/main.o
                0x0000000020000000                data
 *fill*         0x0000000020000002        0x2 
 .data.SystemCoreClock
                0x0000000020000004        0x4 ./Core/Src/system_stm32f1xx.o
                0x0000000020000004                SystemCoreClock
 .data.uwTickPrio
                0x0000000020000008        0x4 ./Drivers/STM32F1xx_HAL_Driver/Src/stm32f1xx_hal.o
                0x0000000020000008                uwTickPrio
 .data.uwTickFreq
                0x000000002000000c        0x1 ./Drivers/STM32F1xx_HAL_Driver/Src/stm32f1xx_hal.o
                0x000000002000000c                uwTickFreq
 *(.RamFunc)
 *(.RamFunc*)
                0x0000000020000010                . = ALIGN (0x4)
 *fill*         0x000000002000000d        0x3 
                0x0000000020000010                _edata = .

.igot.plt       0x0000000020000010        0x0 load address 0x000000000800520c
 .igot.plt      0x0000000020000010        0x0 c:/program files/stm32cubeide_1.8.0/stm32cubeide/plugins/com.st.stm32cube.ide.mcu.externaltools.gnu-tools-for-stm32.9-2020-q2-update.win32_2.0.0.202105311346/tools/bin/../lib/gcc/arm-none-eabi/9.3.1/thumb/v7-m/nofp/crtbegin.o
                0x0000000020000010                . = ALIGN (0x4)

.bss            0x0000000020000010      0x2b8 load address 0x000000000800520c
                0x0000000020000010                _sbss = .
                0x0000000020000010                __bss_start__ = _sbss
 *(.bss)
 .bss           0x0000000020000010       0x1c c:/program files/stm32cubeide_1.8.0/stm32cubeide/plugins/com.st.stm32cube.ide.mcu.externaltools.gnu-tools-for-stm32.9-2020-q2-update.win32_2.0.0.202105311346/tools/bin/../lib/gcc/arm-none-eabi/9.3.1/thumb/v7-m/nofp/crtbegin.o
 *(.bss*)
 .bss.myTxHeader
                0x000000002000002c       0x18 ./Core/Src/gz_can.o
 .bss.myRxHeader
                0x0000000020000044       0x1c ./Core/Src/gz_can.o
 .bss.rxData    0x0000000020000060        0x8 ./Core/Src/gz_can.o
 .bss.nowTime   0x0000000020000068        0x4 ./Core/Src/gz_can.o
 .bss.dTime     0x000000002000006c        0x4 ./Core/Src/gz_can.o
 .bss.motor1_speed
                0x0000000020000070        0x4 ./Core/Src/main.o
                0x0000000020000070                motor1_speed
 .bss.motor2_speed
                0x0000000020000074        0x4 ./Core/Src/main.o
                0x0000000020000074                motor2_speed
 .bss._ZL11speed_act_1
                0x0000000020000078        0x8 ./Core/Src/motor.o
 .bss._ZL11speed_act_2
                0x0000000020000080        0x8 ./Core/Src/motor.o
 .bss._ZL11pid_input_1
                0x0000000020000088        0x8 ./Core/Src/motor.o
 .bss._ZL12pid_output_1
                0x0000000020000090        0x8 ./Core/Src/motor.o
 .bss._ZL14pid_setpoint_1
                0x0000000020000098        0x8 ./Core/Src/motor.o
 .bss._ZL11pid_input_2
                0x00000000200000a0        0x8 ./Core/Src/motor.o
 .bss._ZL12pid_output_2
                0x00000000200000a8        0x8 ./Core/Src/motor.o
 .bss._ZL14pid_setpoint_2
                0x00000000200000b0        0x8 ./Core/Src/motor.o
 .bss.PID1      0x00000000200000b8       0x70 ./Core/Src/motor.o
                0x00000000200000b8                PID1
 .bss.PID2      0x0000000020000128       0x70 ./Core/Src/motor.o
                0x0000000020000128                PID2
 .bss._ZL7speed_1
                0x0000000020000198        0x2 ./Core/Src/motor.o
 .bss._ZL7speed_2
                0x000000002000019a        0x2 ./Core/Src/motor.o
 .bss._ZL7nowTime
                0x000000002000019c        0x4 ./Core/Src/motor.o
 .bss._ZL5dTime
                0x00000000200001a0        0x4 ./Core/Src/motor.o
 .bss._ZL16encoder_1_pulses
                0x00000000200001a4        0x4 ./Core/Src/motor.o
 .bss._ZL21encoder_1_pulses_prev
                0x00000000200001a8        0x4 ./Core/Src/motor.o
 .bss._ZL16encoder_2_pulses
                0x00000000200001ac        0x4 ./Core/Src/motor.o
 .bss._ZL21encoder_2_pulses_prev
                0x00000000200001b0        0x4 ./Core/Src/motor.o
 .bss._ZL13encoder1_temp
                0x00000000200001b4        0x2 ./Core/Src/motor.o
 .bss._ZL13encoder2_temp
                0x00000000200001b6        0x2 ./Core/Src/motor.o
 .bss._ZL22encoder1_temp_shifting
                0x00000000200001b8        0x2 ./Core/Src/motor.o
 .bss._ZL22encoder2_temp_shifting
                0x00000000200001ba        0x2 ./Core/Src/motor.o
 .bss._ZL19encoder1_temp_timer
                0x00000000200001bc        0x4 ./Core/Src/motor.o
 .bss._ZL19encoder2_temp_timer
                0x00000000200001c0        0x4 ./Core/Src/motor.o
 *(COMMON)
 COMMON         0x00000000200001c4      0x100 ./Core/Src/main.o
                0x00000000200001c4                hcan
                0x00000000200001ec                htim3
                0x0000000020000234                htim1
                0x000000002000027c                htim2
 COMMON         0x00000000200002c4        0x4 ./Drivers/STM32F1xx_HAL_Driver/Src/stm32f1xx_hal.o
                0x00000000200002c4                uwTick
                0x00000000200002c8                . = ALIGN (0x4)
                0x00000000200002c8                _ebss = .
                0x00000000200002c8                __bss_end__ = _ebss

._user_heap_stack
                0x00000000200002c8      0x600 load address 0x000000000800520c
                0x00000000200002c8                . = ALIGN (0x8)
                [!provide]                        PROVIDE (end = .)
                0x00000000200002c8                PROVIDE (_end = .)
                0x00000000200004c8                . = (. + _Min_Heap_Size)
 *fill*         0x00000000200002c8      0x200 
                0x00000000200008c8                . = (. + _Min_Stack_Size)
 *fill*         0x00000000200004c8      0x400 
                0x00000000200008c8                . = ALIGN (0x8)

/DISCARD/
 libc.a(*)
 libm.a(*)
 libgcc.a(*)

.ARM.attributes
                0x0000000000000000       0x29
 *(.ARM.attributes)
 .ARM.attributes
                0x0000000000000000       0x1d c:/program files/stm32cubeide_1.8.0/stm32cubeide/plugins/com.st.stm32cube.ide.mcu.externaltools.gnu-tools-for-stm32.9-2020-q2-update.win32_2.0.0.202105311346/tools/bin/../lib/gcc/arm-none-eabi/9.3.1/thumb/v7-m/nofp/crti.o
 .ARM.attributes
                0x000000000000001d       0x2d c:/program files/stm32cubeide_1.8.0/stm32cubeide/plugins/com.st.stm32cube.ide.mcu.externaltools.gnu-tools-for-stm32.9-2020-q2-update.win32_2.0.0.202105311346/tools/bin/../lib/gcc/arm-none-eabi/9.3.1/thumb/v7-m/nofp/crtbegin.o
 .ARM.attributes
                0x000000000000004a       0x2d ./Core/Src/gz_can.o
 .ARM.attributes
                0x0000000000000077       0x2d ./Core/Src/main.o
 .ARM.attributes
                0x00000000000000a4       0x2d ./Core/Src/motor.o
 .ARM.attributes
                0x00000000000000d1       0x2d ./Core/Src/pid.o
 .ARM.attributes
                0x00000000000000fe       0x2d ./Core/Src/stm32f1xx_hal_msp.o
 .ARM.attributes
                0x000000000000012b       0x2d ./Core/Src/stm32f1xx_it.o
 .ARM.attributes
                0x0000000000000158       0x2d ./Core/Src/system_stm32f1xx.o
 .ARM.attributes
                0x0000000000000185       0x21 ./Core/Startup/startup_stm32f103c6tx.o
 .ARM.attributes
                0x00000000000001a6       0x2d ./Drivers/STM32F1xx_HAL_Driver/Src/stm32f1xx_hal.o
 .ARM.attributes
                0x00000000000001d3       0x2d ./Drivers/STM32F1xx_HAL_Driver/Src/stm32f1xx_hal_can.o
 .ARM.attributes
                0x0000000000000200       0x2d ./Drivers/STM32F1xx_HAL_Driver/Src/stm32f1xx_hal_cortex.o
 .ARM.attributes
                0x000000000000022d       0x2d ./Drivers/STM32F1xx_HAL_Driver/Src/stm32f1xx_hal_gpio.o
 .ARM.attributes
                0x000000000000025a       0x2d ./Drivers/STM32F1xx_HAL_Driver/Src/stm32f1xx_hal_pwr.o
 .ARM.attributes
                0x0000000000000287       0x2d ./Drivers/STM32F1xx_HAL_Driver/Src/stm32f1xx_hal_rcc.o
 .ARM.attributes
                0x00000000000002b4       0x2d ./Drivers/STM32F1xx_HAL_Driver/Src/stm32f1xx_hal_tim.o
 .ARM.attributes
                0x00000000000002e1       0x2d ./Drivers/STM32F1xx_HAL_Driver/Src/stm32f1xx_hal_tim_ex.o
 .ARM.attributes
                0x000000000000030e       0x2d c:/program files/stm32cubeide_1.8.0/stm32cubeide/plugins/com.st.stm32cube.ide.mcu.externaltools.gnu-tools-for-stm32.9-2020-q2-update.win32_2.0.0.202105311346/tools/bin/../lib/gcc/arm-none-eabi/9.3.1/../../../../arm-none-eabi/lib/thumb/v7-m/nofp\libc_nano.a(lib_a-init.o)
 .ARM.attributes
                0x000000000000033b       0x2d c:/program files/stm32cubeide_1.8.0/stm32cubeide/plugins/com.st.stm32cube.ide.mcu.externaltools.gnu-tools-for-stm32.9-2020-q2-update.win32_2.0.0.202105311346/tools/bin/../lib/gcc/arm-none-eabi/9.3.1/../../../../arm-none-eabi/lib/thumb/v7-m/nofp\libc_nano.a(lib_a-memset.o)
 .ARM.attributes
                0x0000000000000368       0x1d c:/program files/stm32cubeide_1.8.0/stm32cubeide/plugins/com.st.stm32cube.ide.mcu.externaltools.gnu-tools-for-stm32.9-2020-q2-update.win32_2.0.0.202105311346/tools/bin/../lib/gcc/arm-none-eabi/9.3.1/thumb/v7-m/nofp\libgcc.a(_arm_addsubdf3.o)
 .ARM.attributes
                0x0000000000000385       0x1d c:/program files/stm32cubeide_1.8.0/stm32cubeide/plugins/com.st.stm32cube.ide.mcu.externaltools.gnu-tools-for-stm32.9-2020-q2-update.win32_2.0.0.202105311346/tools/bin/../lib/gcc/arm-none-eabi/9.3.1/thumb/v7-m/nofp\libgcc.a(_arm_muldivdf3.o)
 .ARM.attributes
                0x00000000000003a2       0x1d c:/program files/stm32cubeide_1.8.0/stm32cubeide/plugins/com.st.stm32cube.ide.mcu.externaltools.gnu-tools-for-stm32.9-2020-q2-update.win32_2.0.0.202105311346/tools/bin/../lib/gcc/arm-none-eabi/9.3.1/thumb/v7-m/nofp\libgcc.a(_arm_cmpdf2.o)
 .ARM.attributes
                0x00000000000003bf       0x1d c:/program files/stm32cubeide_1.8.0/stm32cubeide/plugins/com.st.stm32cube.ide.mcu.externaltools.gnu-tools-for-stm32.9-2020-q2-update.win32_2.0.0.202105311346/tools/bin/../lib/gcc/arm-none-eabi/9.3.1/thumb/v7-m/nofp\libgcc.a(_arm_fixdfsi.o)
 .ARM.attributes
                0x00000000000003dc       0x1d c:/program files/stm32cubeide_1.8.0/stm32cubeide/plugins/com.st.stm32cube.ide.mcu.externaltools.gnu-tools-for-stm32.9-2020-q2-update.win32_2.0.0.202105311346/tools/bin/../lib/gcc/arm-none-eabi/9.3.1/thumb/v7-m/nofp\libgcc.a(_arm_truncdfsf2.o)
 .ARM.attributes
                0x00000000000003f9       0x1d c:/program files/stm32cubeide_1.8.0/stm32cubeide/plugins/com.st.stm32cube.ide.mcu.externaltools.gnu-tools-for-stm32.9-2020-q2-update.win32_2.0.0.202105311346/tools/bin/../lib/gcc/arm-none-eabi/9.3.1/thumb/v7-m/nofp\libgcc.a(_arm_addsubsf3.o)
 .ARM.attributes
                0x0000000000000416       0x1d c:/program files/stm32cubeide_1.8.0/stm32cubeide/plugins/com.st.stm32cube.ide.mcu.externaltools.gnu-tools-for-stm32.9-2020-q2-update.win32_2.0.0.202105311346/tools/bin/../lib/gcc/arm-none-eabi/9.3.1/thumb/v7-m/nofp\libgcc.a(_arm_muldivsf3.o)
 .ARM.attributes
                0x0000000000000433       0x1d c:/program files/stm32cubeide_1.8.0/stm32cubeide/plugins/com.st.stm32cube.ide.mcu.externaltools.gnu-tools-for-stm32.9-2020-q2-update.win32_2.0.0.202105311346/tools/bin/../lib/gcc/arm-none-eabi/9.3.1/thumb/v7-m/nofp/crtn.o
OUTPUT(agv_v2_c6.elf elf32-littlearm)
LOAD linker stubs
LOAD c:/program files/stm32cubeide_1.8.0/stm32cubeide/plugins/com.st.stm32cube.ide.mcu.externaltools.gnu-tools-for-stm32.9-2020-q2-update.win32_2.0.0.202105311346/tools/bin/../lib/gcc/arm-none-eabi/9.3.1/../../../../arm-none-eabi/lib/thumb/v7-m/nofp\libc.a
LOAD c:/program files/stm32cubeide_1.8.0/stm32cubeide/plugins/com.st.stm32cube.ide.mcu.externaltools.gnu-tools-for-stm32.9-2020-q2-update.win32_2.0.0.202105311346/tools/bin/../lib/gcc/arm-none-eabi/9.3.1/../../../../arm-none-eabi/lib/thumb/v7-m/nofp\libm.a
LOAD c:/program files/stm32cubeide_1.8.0/stm32cubeide/plugins/com.st.stm32cube.ide.mcu.externaltools.gnu-tools-for-stm32.9-2020-q2-update.win32_2.0.0.202105311346/tools/bin/../lib/gcc/arm-none-eabi/9.3.1/thumb/v7-m/nofp\libgcc.a

.debug_info     0x0000000000000000    0x1008c
 .debug_info    0x0000000000000000      0x970 ./Core/Src/gz_can.o
 .debug_info    0x0000000000000970     0x1227 ./Core/Src/main.o
 .debug_info    0x0000000000001b97     0x374a ./Core/Src/motor.o
 .debug_info    0x00000000000052e1     0x14e9 ./Core/Src/pid.o
 .debug_info    0x00000000000067ca     0x10b8 ./Core/Src/stm32f1xx_hal_msp.o
 .debug_info    0x0000000000007882      0xbcd ./Core/Src/stm32f1xx_it.o
 .debug_info    0x000000000000844f      0x2be ./Core/Src/system_stm32f1xx.o
 .debug_info    0x000000000000870d       0x22 ./Core/Startup/startup_stm32f103c6tx.o
 .debug_info    0x000000000000872f      0x74c ./Drivers/STM32F1xx_HAL_Driver/Src/stm32f1xx_hal.o
 .debug_info    0x0000000000008e7b     0x107a ./Drivers/STM32F1xx_HAL_Driver/Src/stm32f1xx_hal_can.o
 .debug_info    0x0000000000009ef5      0xbbe ./Drivers/STM32F1xx_HAL_Driver/Src/stm32f1xx_hal_cortex.o
 .debug_info    0x000000000000aab3      0x701 ./Drivers/STM32F1xx_HAL_Driver/Src/stm32f1xx_hal_gpio.o
 .debug_info    0x000000000000b1b4      0x730 ./Drivers/STM32F1xx_HAL_Driver/Src/stm32f1xx_hal_pwr.o
 .debug_info    0x000000000000b8e4      0x88e ./Drivers/STM32F1xx_HAL_Driver/Src/stm32f1xx_hal_rcc.o
 .debug_info    0x000000000000c172     0x2a45 ./Drivers/STM32F1xx_HAL_Driver/Src/stm32f1xx_hal_tim.o
 .debug_info    0x000000000000ebb7     0x14d5 ./Drivers/STM32F1xx_HAL_Driver/Src/stm32f1xx_hal_tim_ex.o

.debug_abbrev   0x0000000000000000     0x2497
 .debug_abbrev  0x0000000000000000      0x1f0 ./Core/Src/gz_can.o
 .debug_abbrev  0x00000000000001f0      0x29e ./Core/Src/main.o
 .debug_abbrev  0x000000000000048e      0x4a3 ./Core/Src/motor.o
 .debug_abbrev  0x0000000000000931      0x389 ./Core/Src/pid.o
 .debug_abbrev  0x0000000000000cba      0x26f ./Core/Src/stm32f1xx_hal_msp.o
 .debug_abbrev  0x0000000000000f29      0x1b8 ./Core/Src/stm32f1xx_it.o
 .debug_abbrev  0x00000000000010e1      0x14e ./Core/Src/system_stm32f1xx.o
 .debug_abbrev  0x000000000000122f       0x12 ./Core/Startup/startup_stm32f103c6tx.o
 .debug_abbrev  0x0000000000001241      0x1ed ./Drivers/STM32F1xx_HAL_Driver/Src/stm32f1xx_hal.o
 .debug_abbrev  0x000000000000142e      0x224 ./Drivers/STM32F1xx_HAL_Driver/Src/stm32f1xx_hal_can.o
 .debug_abbrev  0x0000000000001652      0x313 ./Drivers/STM32F1xx_HAL_Driver/Src/stm32f1xx_hal_cortex.o
 .debug_abbrev  0x0000000000001965      0x1e8 ./Drivers/STM32F1xx_HAL_Driver/Src/stm32f1xx_hal_gpio.o
 .debug_abbrev  0x0000000000001b4d      0x213 ./Drivers/STM32F1xx_HAL_Driver/Src/stm32f1xx_hal_pwr.o
 .debug_abbrev  0x0000000000001d60      0x273 ./Drivers/STM32F1xx_HAL_Driver/Src/stm32f1xx_hal_rcc.o
 .debug_abbrev  0x0000000000001fd3      0x25e ./Drivers/STM32F1xx_HAL_Driver/Src/stm32f1xx_hal_tim.o
 .debug_abbrev  0x0000000000002231      0x266 ./Drivers/STM32F1xx_HAL_Driver/Src/stm32f1xx_hal_tim_ex.o

.debug_aranges  0x0000000000000000      0xcb8
 .debug_aranges
                0x0000000000000000       0x48 ./Core/Src/gz_can.o
 .debug_aranges
                0x0000000000000048       0x58 ./Core/Src/main.o
 .debug_aranges
                0x00000000000000a0       0x68 ./Core/Src/motor.o
 .debug_aranges
                0x0000000000000108       0xa8 ./Core/Src/pid.o
 .debug_aranges
                0x00000000000001b0       0x58 ./Core/Src/stm32f1xx_hal_msp.o
 .debug_aranges
                0x0000000000000208       0x80 ./Core/Src/stm32f1xx_it.o
 .debug_aranges
                0x0000000000000288       0x28 ./Core/Src/system_stm32f1xx.o
 .debug_aranges
                0x00000000000002b0       0x28 ./Core/Startup/startup_stm32f103c6tx.o
 .debug_aranges
                0x00000000000002d8       0xe0 ./Drivers/STM32F1xx_HAL_Driver/Src/stm32f1xx_hal.o
 .debug_aranges
                0x00000000000003b8      0x138 ./Drivers/STM32F1xx_HAL_Driver/Src/stm32f1xx_hal_can.o
 .debug_aranges
                0x00000000000004f0      0x100 ./Drivers/STM32F1xx_HAL_Driver/Src/stm32f1xx_hal_cortex.o
 .debug_aranges
                0x00000000000005f0       0x58 ./Drivers/STM32F1xx_HAL_Driver/Src/stm32f1xx_hal_gpio.o
 .debug_aranges
                0x0000000000000648       0xa8 ./Drivers/STM32F1xx_HAL_Driver/Src/stm32f1xx_hal_pwr.o
 .debug_aranges
                0x00000000000006f0       0x90 ./Drivers/STM32F1xx_HAL_Driver/Src/stm32f1xx_hal_rcc.o
 .debug_aranges
                0x0000000000000780      0x3d0 ./Drivers/STM32F1xx_HAL_Driver/Src/stm32f1xx_hal_tim.o
 .debug_aranges
                0x0000000000000b50      0x168 ./Drivers/STM32F1xx_HAL_Driver/Src/stm32f1xx_hal_tim_ex.o

.debug_ranges   0x0000000000000000      0xbc0
 .debug_ranges  0x0000000000000000       0x38 ./Core/Src/gz_can.o
 .debug_ranges  0x0000000000000038       0x48 ./Core/Src/main.o
 .debug_ranges  0x0000000000000080       0x58 ./Core/Src/motor.o
 .debug_ranges  0x00000000000000d8       0x98 ./Core/Src/pid.o
 .debug_ranges  0x0000000000000170       0x48 ./Core/Src/stm32f1xx_hal_msp.o
 .debug_ranges  0x00000000000001b8       0x70 ./Core/Src/stm32f1xx_it.o
 .debug_ranges  0x0000000000000228       0x18 ./Core/Src/system_stm32f1xx.o
 .debug_ranges  0x0000000000000240       0x20 ./Core/Startup/startup_stm32f103c6tx.o
 .debug_ranges  0x0000000000000260       0xd0 ./Drivers/STM32F1xx_HAL_Driver/Src/stm32f1xx_hal.o
 .debug_ranges  0x0000000000000330      0x128 ./Drivers/STM32F1xx_HAL_Driver/Src/stm32f1xx_hal_can.o
 .debug_ranges  0x0000000000000458       0xf0 ./Drivers/STM32F1xx_HAL_Driver/Src/stm32f1xx_hal_cortex.o
 .debug_ranges  0x0000000000000548       0x48 ./Drivers/STM32F1xx_HAL_Driver/Src/stm32f1xx_hal_gpio.o
 .debug_ranges  0x0000000000000590       0x98 ./Drivers/STM32F1xx_HAL_Driver/Src/stm32f1xx_hal_pwr.o
 .debug_ranges  0x0000000000000628       0x80 ./Drivers/STM32F1xx_HAL_Driver/Src/stm32f1xx_hal_rcc.o
 .debug_ranges  0x00000000000006a8      0x3c0 ./Drivers/STM32F1xx_HAL_Driver/Src/stm32f1xx_hal_tim.o
 .debug_ranges  0x0000000000000a68      0x158 ./Drivers/STM32F1xx_HAL_Driver/Src/stm32f1xx_hal_tim_ex.o

.debug_macro    0x0000000000000000    0x1a070
 .debug_macro   0x0000000000000000      0x1b1 ./Core/Src/gz_can.o
 .debug_macro   0x00000000000001b1      0xa9c ./Core/Src/gz_can.o
 .debug_macro   0x0000000000000c4d      0x21b ./Core/Src/gz_can.o
 .debug_macro   0x0000000000000e68       0x2e ./Core/Src/gz_can.o
 .debug_macro   0x0000000000000e96       0x22 ./Core/Src/gz_can.o
 .debug_macro   0x0000000000000eb8       0x22 ./Core/Src/gz_can.o
 .debug_macro   0x0000000000000eda       0x8e ./Core/Src/gz_can.o
 .debug_macro   0x0000000000000f68       0x51 ./Core/Src/gz_can.o
 .debug_macro   0x0000000000000fb9      0x103 ./Core/Src/gz_can.o
 .debug_macro   0x00000000000010bc       0x6a ./Core/Src/gz_can.o
 .debug_macro   0x0000000000001126      0x1df ./Core/Src/gz_can.o
 .debug_macro   0x0000000000001305       0x1c ./Core/Src/gz_can.o
 .debug_macro   0x0000000000001321       0x22 ./Core/Src/gz_can.o
 .debug_macro   0x0000000000001343       0xc3 ./Core/Src/gz_can.o
 .debug_macro   0x0000000000001406      0xd23 ./Core/Src/gz_can.o
 .debug_macro   0x0000000000002129     0xde75 ./Core/Src/gz_can.o
 .debug_macro   0x000000000000ff9e       0x6d ./Core/Src/gz_can.o
 .debug_macro   0x000000000001000b     0x3468 ./Core/Src/gz_can.o
 .debug_macro   0x0000000000013473      0x174 ./Core/Src/gz_can.o
 .debug_macro   0x00000000000135e7       0x5c ./Core/Src/gz_can.o
 .debug_macro   0x0000000000013643      0x5be ./Core/Src/gz_can.o
 .debug_macro   0x0000000000013c01      0x1b7 ./Core/Src/gz_can.o
 .debug_macro   0x0000000000013db8      0x1cb ./Core/Src/gz_can.o
 .debug_macro   0x0000000000013f83      0x114 ./Core/Src/gz_can.o
 .debug_macro   0x0000000000014097      0x1b2 ./Core/Src/gz_can.o
 .debug_macro   0x0000000000014249       0x27 ./Core/Src/gz_can.o
 .debug_macro   0x0000000000014270      0x12f ./Core/Src/gz_can.o
 .debug_macro   0x000000000001439f      0x1bc ./Core/Src/gz_can.o
 .debug_macro   0x000000000001455b       0x34 ./Core/Src/gz_can.o
 .debug_macro   0x000000000001458f       0x3c ./Core/Src/gz_can.o
 .debug_macro   0x00000000000145cb      0x408 ./Core/Src/gz_can.o
 .debug_macro   0x00000000000149d3       0x57 ./Core/Src/gz_can.o
 .debug_macro   0x0000000000014a2a       0x88 ./Core/Src/gz_can.o
 .debug_macro   0x0000000000014ab2      0x183 ./Core/Src/gz_can.o
 .debug_macro   0x0000000000014c35      0x141 ./Core/Src/gz_can.o
 .debug_macro   0x0000000000014d76      0x8d1 ./Core/Src/gz_can.o
 .debug_macro   0x0000000000015647       0x69 ./Core/Src/gz_can.o
 .debug_macro   0x00000000000156b0       0x16 ./Core/Src/gz_can.o
 .debug_macro   0x00000000000156c6      0x1be ./Core/Src/main.o
 .debug_macro   0x0000000000015884       0x4c ./Core/Src/main.o
 .debug_macro   0x00000000000158d0       0x1c ./Core/Src/main.o
 .debug_macro   0x00000000000158ec      0x347 ./Core/Src/motor.o
 .debug_macro   0x0000000000015c33      0xb74 ./Core/Src/motor.o
 .debug_macro   0x00000000000167a7       0x1c ./Core/Src/motor.o
 .debug_macro   0x00000000000167c3       0x46 ./Core/Src/motor.o
 .debug_macro   0x0000000000016809       0x52 ./Core/Src/motor.o
 .debug_macro   0x000000000001685b       0x18 ./Core/Src/motor.o
 .debug_macro   0x0000000000016873       0x3c ./Core/Src/motor.o
 .debug_macro   0x00000000000168af       0x34 ./Core/Src/motor.o
 .debug_macro   0x00000000000168e3      0x17b ./Core/Src/motor.o
 .debug_macro   0x0000000000016a5e       0x16 ./Core/Src/motor.o
 .debug_macro   0x0000000000016a74       0x43 ./Core/Src/motor.o
 .debug_macro   0x0000000000016ab7       0x34 ./Core/Src/motor.o
 .debug_macro   0x0000000000016aeb       0x10 ./Core/Src/motor.o
 .debug_macro   0x0000000000016afb       0x58 ./Core/Src/motor.o
 .debug_macro   0x0000000000016b53       0x71 ./Core/Src/motor.o
 .debug_macro   0x0000000000016bc4       0x16 ./Core/Src/motor.o
 .debug_macro   0x0000000000016bda      0x12a ./Core/Src/motor.o
 .debug_macro   0x0000000000016d04      0x35c ./Core/Src/motor.o
 .debug_macro   0x0000000000017060       0x10 ./Core/Src/motor.o
 .debug_macro   0x0000000000017070       0x35 ./Core/Src/motor.o
 .debug_macro   0x00000000000170a5       0x20 ./Core/Src/motor.o
 .debug_macro   0x00000000000170c5       0xbd ./Core/Src/motor.o
 .debug_macro   0x0000000000017182      0xd23 ./Core/Src/motor.o
 .debug_macro   0x0000000000017ea5       0x56 ./Core/Src/motor.o
 .debug_macro   0x0000000000017efb       0x29 ./Core/Src/motor.o
 .debug_macro   0x0000000000017f24      0x17c ./Core/Src/motor.o
 .debug_macro   0x00000000000180a0       0x10 ./Core/Src/motor.o
 .debug_macro   0x00000000000180b0      0x41e ./Core/Src/motor.o
 .debug_macro   0x00000000000184ce       0x18 ./Core/Src/motor.o
 .debug_macro   0x00000000000184e6      0x1a2 ./Core/Src/motor.o
 .debug_macro   0x0000000000018688       0x10 ./Core/Src/motor.o
 .debug_macro   0x0000000000018698       0x16 ./Core/Src/motor.o
 .debug_macro   0x00000000000186ae       0x16 ./Core/Src/motor.o
 .debug_macro   0x00000000000186c4       0x29 ./Core/Src/motor.o
 .debug_macro   0x00000000000186ed       0x10 ./Core/Src/motor.o
 .debug_macro   0x00000000000186fd      0x3c7 ./Core/Src/motor.o
 .debug_macro   0x0000000000018ac4      0x28e ./Core/Src/pid.o
 .debug_macro   0x0000000000018d52      0x1ac ./Core/Src/stm32f1xx_hal_msp.o
 .debug_macro   0x0000000000018efe      0x1b6 ./Core/Src/stm32f1xx_it.o
 .debug_macro   0x00000000000190b4      0x1a2 ./Core/Src/system_stm32f1xx.o
 .debug_macro   0x0000000000019256      0x1c6 ./Drivers/STM32F1xx_HAL_Driver/Src/stm32f1xx_hal.o
 .debug_macro   0x000000000001941c      0x1aa ./Drivers/STM32F1xx_HAL_Driver/Src/stm32f1xx_hal_can.o
 .debug_macro   0x00000000000195c6      0x1a2 ./Drivers/STM32F1xx_HAL_Driver/Src/stm32f1xx_hal_cortex.o
 .debug_macro   0x0000000000019768      0x20d ./Drivers/STM32F1xx_HAL_Driver/Src/stm32f1xx_hal_gpio.o
 .debug_macro   0x0000000000019975      0x202 ./Drivers/STM32F1xx_HAL_Driver/Src/stm32f1xx_hal_pwr.o
 .debug_macro   0x0000000000019b77      0x1b4 ./Drivers/STM32F1xx_HAL_Driver/Src/stm32f1xx_hal_rcc.o
 .debug_macro   0x0000000000019d2b      0x1a3 ./Drivers/STM32F1xx_HAL_Driver/Src/stm32f1xx_hal_tim.o
 .debug_macro   0x0000000000019ece      0x1a2 ./Drivers/STM32F1xx_HAL_Driver/Src/stm32f1xx_hal_tim_ex.o

.debug_line     0x0000000000000000     0xd4da
 .debug_line    0x0000000000000000      0x824 ./Core/Src/gz_can.o
 .debug_line    0x0000000000000824      0x928 ./Core/Src/main.o
 .debug_line    0x000000000000114c      0xf8f ./Core/Src/motor.o
 .debug_line    0x00000000000020db      0xc14 ./Core/Src/pid.o
 .debug_line    0x0000000000002cef      0x7ee ./Core/Src/stm32f1xx_hal_msp.o
 .debug_line    0x00000000000034dd      0x7ca ./Core/Src/stm32f1xx_it.o
 .debug_line    0x0000000000003ca7      0x726 ./Core/Src/system_stm32f1xx.o
 .debug_line    0x00000000000043cd       0x87 ./Core/Startup/startup_stm32f103c6tx.o
 .debug_line    0x0000000000004454      0x953 ./Drivers/STM32F1xx_HAL_Driver/Src/stm32f1xx_hal.o
 .debug_line    0x0000000000004da7     0x10f4 ./Drivers/STM32F1xx_HAL_Driver/Src/stm32f1xx_hal_can.o
 .debug_line    0x0000000000005e9b      0xb3b ./Drivers/STM32F1xx_HAL_Driver/Src/stm32f1xx_hal_cortex.o
 .debug_line    0x00000000000069d6      0x9d4 ./Drivers/STM32F1xx_HAL_Driver/Src/stm32f1xx_hal_gpio.o
 .debug_line    0x00000000000073aa      0x8d5 ./Drivers/STM32F1xx_HAL_Driver/Src/stm32f1xx_hal_pwr.o
 .debug_line    0x0000000000007c7f      0xd61 ./Drivers/STM32F1xx_HAL_Driver/Src/stm32f1xx_hal_rcc.o
 .debug_line    0x00000000000089e0     0x32b1 ./Drivers/STM32F1xx_HAL_Driver/Src/stm32f1xx_hal_tim.o
 .debug_line    0x000000000000bc91     0x1849 ./Drivers/STM32F1xx_HAL_Driver/Src/stm32f1xx_hal_tim_ex.o

.debug_str      0x0000000000000000    0x8b7ba
 .debug_str     0x0000000000000000    0x81781 ./Core/Src/gz_can.o
                                      0x81b5a (size before relaxing)
 .debug_str     0x0000000000081781      0x89b ./Core/Src/main.o
                                      0x82364 (size before relaxing)
 .debug_str     0x000000000008201c     0x6cc5 ./Core/Src/motor.o
                                      0x889ce (size before relaxing)
 .debug_str     0x0000000000088ce1       0xd0 ./Core/Src/pid.o
                                      0x85278 (size before relaxing)
 .debug_str     0x0000000000088db1      0x325 ./Core/Src/stm32f1xx_hal_msp.o
                                      0x8215c (size before relaxing)
 .debug_str     0x00000000000890d6       0xf1 ./Core/Src/stm32f1xx_it.o
                                      0x81e3c (size before relaxing)
 .debug_str     0x00000000000891c7       0x52 ./Core/Src/system_stm32f1xx.o
                                      0x8168b (size before relaxing)
 .debug_str     0x0000000000089219       0x36 ./Core/Startup/startup_stm32f103c6tx.o
                                         0x6a (size before relaxing)
 .debug_str     0x000000000008924f      0x304 ./Drivers/STM32F1xx_HAL_Driver/Src/stm32f1xx_hal.o
                                      0x81ce2 (size before relaxing)
 .debug_str     0x0000000000089553      0x440 ./Drivers/STM32F1xx_HAL_Driver/Src/stm32f1xx_hal_can.o
                                      0x81eab (size before relaxing)
 .debug_str     0x0000000000089993      0x2cf ./Drivers/STM32F1xx_HAL_Driver/Src/stm32f1xx_hal_cortex.o
                                      0x81cea (size before relaxing)
 .debug_str     0x0000000000089c62      0x311 ./Drivers/STM32F1xx_HAL_Driver/Src/stm32f1xx_hal_gpio.o
                                      0x81a4f (size before relaxing)
 .debug_str     0x0000000000089f73      0x500 ./Drivers/STM32F1xx_HAL_Driver/Src/stm32f1xx_hal_pwr.o
                                      0x81bee (size before relaxing)
 .debug_str     0x000000000008a473      0x238 ./Drivers/STM32F1xx_HAL_Driver/Src/stm32f1xx_hal_rcc.o
                                      0x81a88 (size before relaxing)
 .debug_str     0x000000000008a6ab      0xcb5 ./Drivers/STM32F1xx_HAL_Driver/Src/stm32f1xx_hal_tim.o
                                      0x82a5a (size before relaxing)
 .debug_str     0x000000000008b360      0x45a ./Drivers/STM32F1xx_HAL_Driver/Src/stm32f1xx_hal_tim_ex.o
                                      0x8220b (size before relaxing)

.comment        0x0000000000000000       0x53
 .comment       0x0000000000000000       0x53 ./Core/Src/gz_can.o
                                         0x54 (size before relaxing)
 .comment       0x0000000000000053       0x54 ./Core/Src/main.o
 .comment       0x0000000000000053       0x54 ./Core/Src/motor.o
 .comment       0x0000000000000053       0x54 ./Core/Src/pid.o
 .comment       0x0000000000000053       0x54 ./Core/Src/stm32f1xx_hal_msp.o
 .comment       0x0000000000000053       0x54 ./Core/Src/stm32f1xx_it.o
 .comment       0x0000000000000053       0x54 ./Core/Src/system_stm32f1xx.o
 .comment       0x0000000000000053       0x54 ./Drivers/STM32F1xx_HAL_Driver/Src/stm32f1xx_hal.o
 .comment       0x0000000000000053       0x54 ./Drivers/STM32F1xx_HAL_Driver/Src/stm32f1xx_hal_can.o
 .comment       0x0000000000000053       0x54 ./Drivers/STM32F1xx_HAL_Driver/Src/stm32f1xx_hal_cortex.o
 .comment       0x0000000000000053       0x54 ./Drivers/STM32F1xx_HAL_Driver/Src/stm32f1xx_hal_gpio.o
 .comment       0x0000000000000053       0x54 ./Drivers/STM32F1xx_HAL_Driver/Src/stm32f1xx_hal_pwr.o
 .comment       0x0000000000000053       0x54 ./Drivers/STM32F1xx_HAL_Driver/Src/stm32f1xx_hal_rcc.o
 .comment       0x0000000000000053       0x54 ./Drivers/STM32F1xx_HAL_Driver/Src/stm32f1xx_hal_tim.o
 .comment       0x0000000000000053       0x54 ./Drivers/STM32F1xx_HAL_Driver/Src/stm32f1xx_hal_tim_ex.o

.debug_frame    0x0000000000000000     0x36bc
 .debug_frame   0x0000000000000000       0xf0 ./Core/Src/gz_can.o
 .debug_frame   0x00000000000000f0      0x114 ./Core/Src/main.o
 .debug_frame   0x0000000000000204      0x158 ./Core/Src/motor.o
 .debug_frame   0x000000000000035c      0x2bc ./Core/Src/pid.o
 .debug_frame   0x0000000000000618      0x13c ./Core/Src/stm32f1xx_hal_msp.o
 .debug_frame   0x0000000000000754      0x174 ./Core/Src/stm32f1xx_it.o
 .debug_frame   0x00000000000008c8       0x58 ./Core/Src/system_stm32f1xx.o
 .debug_frame   0x0000000000000920      0x334 ./Drivers/STM32F1xx_HAL_Driver/Src/stm32f1xx_hal.o
 .debug_frame   0x0000000000000c54      0x5a0 ./Drivers/STM32F1xx_HAL_Driver/Src/stm32f1xx_hal_can.o
 .debug_frame   0x00000000000011f4      0x428 ./Drivers/STM32F1xx_HAL_Driver/Src/stm32f1xx_hal_cortex.o
 .debug_frame   0x000000000000161c      0x14c ./Drivers/STM32F1xx_HAL_Driver/Src/stm32f1xx_hal_gpio.o
 .debug_frame   0x0000000000001768      0x270 ./Drivers/STM32F1xx_HAL_Driver/Src/stm32f1xx_hal_pwr.o
 .debug_frame   0x00000000000019d8      0x21c ./Drivers/STM32F1xx_HAL_Driver/Src/stm32f1xx_hal_rcc.o
 .debug_frame   0x0000000000001bf4     0x11b8 ./Drivers/STM32F1xx_HAL_Driver/Src/stm32f1xx_hal_tim.o
 .debug_frame   0x0000000000002dac      0x638 ./Drivers/STM32F1xx_HAL_Driver/Src/stm32f1xx_hal_tim_ex.o
 .debug_frame   0x00000000000033e4       0x2c c:/program files/stm32cubeide_1.8.0/stm32cubeide/plugins/com.st.stm32cube.ide.mcu.externaltools.gnu-tools-for-stm32.9-2020-q2-update.win32_2.0.0.202105311346/tools/bin/../lib/gcc/arm-none-eabi/9.3.1/../../../../arm-none-eabi/lib/thumb/v7-m/nofp\libc_nano.a(lib_a-init.o)
 .debug_frame   0x0000000000003410       0x20 c:/program files/stm32cubeide_1.8.0/stm32cubeide/plugins/com.st.stm32cube.ide.mcu.externaltools.gnu-tools-for-stm32.9-2020-q2-update.win32_2.0.0.202105311346/tools/bin/../lib/gcc/arm-none-eabi/9.3.1/../../../../arm-none-eabi/lib/thumb/v7-m/nofp\libc_nano.a(lib_a-memset.o)
 .debug_frame   0x0000000000003430       0xac c:/program files/stm32cubeide_1.8.0/stm32cubeide/plugins/com.st.stm32cube.ide.mcu.externaltools.gnu-tools-for-stm32.9-2020-q2-update.win32_2.0.0.202105311346/tools/bin/../lib/gcc/arm-none-eabi/9.3.1/thumb/v7-m/nofp\libgcc.a(_arm_addsubdf3.o)
 .debug_frame   0x00000000000034dc       0x50 c:/program files/stm32cubeide_1.8.0/stm32cubeide/plugins/com.st.stm32cube.ide.mcu.externaltools.gnu-tools-for-stm32.9-2020-q2-update.win32_2.0.0.202105311346/tools/bin/../lib/gcc/arm-none-eabi/9.3.1/thumb/v7-m/nofp\libgcc.a(_arm_muldivdf3.o)
 .debug_frame   0x000000000000352c       0xc4 c:/program files/stm32cubeide_1.8.0/stm32cubeide/plugins/com.st.stm32cube.ide.mcu.externaltools.gnu-tools-for-stm32.9-2020-q2-update.win32_2.0.0.202105311346/tools/bin/../lib/gcc/arm-none-eabi/9.3.1/thumb/v7-m/nofp\libgcc.a(_arm_cmpdf2.o)
 .debug_frame   0x00000000000035f0       0x24 c:/program files/stm32cubeide_1.8.0/stm32cubeide/plugins/com.st.stm32cube.ide.mcu.externaltools.gnu-tools-for-stm32.9-2020-q2-update.win32_2.0.0.202105311346/tools/bin/../lib/gcc/arm-none-eabi/9.3.1/thumb/v7-m/nofp\libgcc.a(_arm_fixdfsi.o)
 .debug_frame   0x0000000000003614       0x24 c:/program files/stm32cubeide_1.8.0/stm32cubeide/plugins/com.st.stm32cube.ide.mcu.externaltools.gnu-tools-for-stm32.9-2020-q2-update.win32_2.0.0.202105311346/tools/bin/../lib/gcc/arm-none-eabi/9.3.1/thumb/v7-m/nofp\libgcc.a(_arm_truncdfsf2.o)
 .debug_frame   0x0000000000003638       0x4c c:/program files/stm32cubeide_1.8.0/stm32cubeide/plugins/com.st.stm32cube.ide.mcu.externaltools.gnu-tools-for-stm32.9-2020-q2-update.win32_2.0.0.202105311346/tools/bin/../lib/gcc/arm-none-eabi/9.3.1/thumb/v7-m/nofp\libgcc.a(_arm_addsubsf3.o)
 .debug_frame   0x0000000000003684       0x38 c:/program files/stm32cubeide_1.8.0/stm32cubeide/plugins/com.st.stm32cube.ide.mcu.externaltools.gnu-tools-for-stm32.9-2020-q2-update.win32_2.0.0.202105311346/tools/bin/../lib/gcc/arm-none-eabi/9.3.1/thumb/v7-m/nofp\libgcc.a(_arm_muldivsf3.o)
